Component: ARM Compiler 5.06 update 4 (build 422) Tool: armlink [4d35d2]

==============================================================================

Section Cross References

    system_stm32f10x.o(.text) refers to system_stm32f10x.o(.data) for SystemCoreClock
    startup_stm32f10x_md.o(RESET) refers to startup_stm32f10x_md.o(STACK) for __initial_sp
    startup_stm32f10x_md.o(RESET) refers to startup_stm32f10x_md.o(.text) for Reset_Handler
    startup_stm32f10x_md.o(RESET) refers to stm32f10x_it.o(.text) for NMI_Handler
    startup_stm32f10x_md.o(.text) refers to system_stm32f10x.o(.text) for SystemInit
    startup_stm32f10x_md.o(.text) refers to entry.o(.ARM.Collect$$$$00000000) for __main
    main.o(.text) refers to led.o(.text) for LED_Init
    main.o(.text) refers to usart1.o(.text) for USART1_Init
    main.o(.text) refers to usart2.o(.text) for USART2_Init
    main.o(.text) refers to hal_i2c.o(.text) for Hal_I2C_Init
    main.o(.text) refers to irenti.o(.text) for Body_Init
    main.o(.text) refers to duoji.o(.text) for TIM4_Init
    main.o(.text) refers to jidianqi1.o(.text) for JDQ_Switch
    main.o(.text) refers to esp8266.o(.text) for ESP8266_Init
    stm32f10x_it.o(.text) refers to led.o(.text) for LED_CmdCtl
    stm32f10x_it.o(.text) refers to jidianqi1.o(.text) for JDQ_Cmdtl
    stm32f10x_it.o(.text) refers to duoji.o(.text) for DUOJI_CmdCtl
    stm32f10x_it.o(.text) refers to memseta.o(.text) for __aeabi_memclr
    stm32f10x_it.o(.text) refers to usart2.o(.data) for usart2_rcv_len
    stm32f10x_it.o(.text) refers to usart2.o(.bss) for usart2_rcv_buf
    stm32f10x_gpio.o(.text) refers to stm32f10x_rcc.o(.text) for RCC_APB2PeriphResetCmd
    stm32f10x_i2c.o(.text) refers to stm32f10x_rcc.o(.text) for RCC_APB1PeriphResetCmd
    stm32f10x_rcc.o(.text) refers to stm32f10x_rcc.o(.data) for APBAHBPrescTable
    stm32f10x_usart.o(.text) refers to stm32f10x_rcc.o(.text) for RCC_APB2PeriphResetCmd
    stm32f10x_tim.o(.text) refers to stm32f10x_rcc.o(.text) for RCC_APB2PeriphResetCmd
    usart1.o(.text) refers to stm32f10x_usart.o(.text) for USART_SendData
    usart1.o(.text) refers to stm32f10x_rcc.o(.text) for RCC_APB2PeriphClockCmd
    usart1.o(.text) refers to stm32f10x_gpio.o(.text) for GPIO_Init
    usart1.o(.text) refers to misc.o(.text) for NVIC_Init
    usart2.o(.text) refers to stm32f10x_rcc.o(.text) for RCC_APB2PeriphClockCmd
    usart2.o(.text) refers to stm32f10x_gpio.o(.text) for GPIO_Init
    usart2.o(.text) refers to stm32f10x_usart.o(.text) for USART_Init
    usart2.o(.text) refers to misc.o(.text) for NVIC_Init
    led.o(.text) refers to stm32f10x_rcc.o(.text) for RCC_APB2PeriphClockCmd
    led.o(.text) refers to stm32f10x_gpio.o(.text) for GPIO_Init
    led.o(.text) refers to strstr.o(.text) for strstr
    led.o(.text) refers to usart2.o(.bss) for usart2_cmd_buf
    led.o(.text) refers to led.o(.data) for red_value
    sht20.o(.text) refers to hal_i2c.o(.text) for Hal_I2C_ByteWrite
    sht20.o(.text) refers to ffltui.o(.text) for __aeabi_ui2f
    sht20.o(.text) refers to f2d.o(.text) for __aeabi_f2d
    sht20.o(.text) refers to dmul.o(.text) for __aeabi_dmul
    sht20.o(.text) refers to dadd.o(.text) for __aeabi_dsub
    sht20.o(.text) refers to d2f.o(.text) for __aeabi_d2f
    sht20.o(.text) refers to fflti.o(.text) for __aeabi_i2f
    sht20.o(.text) refers to stm32f10x_i2c.o(.text) for I2C_AcknowledgeConfig
    sht20.o(.text) refers to utils.o(.text) for mDelay
    sht20.o(.text) refers to printfa.o(i.__0printf) for __2printf
    sht20.o(.text) refers to ffixui.o(.text) for __aeabi_f2uiz
    sht20.o(.text) refers to sht20.o(.constdata) for __func__
    hal_i2c.o(.text) refers to stm32f10x_rcc.o(.text) for RCC_APB1PeriphClockCmd
    hal_i2c.o(.text) refers to printfa.o(i.__0printf) for __2printf
    hal_i2c.o(.text) refers to stm32f10x_gpio.o(.text) for GPIO_Init
    hal_i2c.o(.text) refers to stm32f10x_i2c.o(.text) for I2C_DeInit
    hal_i2c.o(.text) refers to hal_i2c.o(.constdata) for __func__
    hal_i2c.o(.text) refers to hal_i2c.o(.conststring) for .conststring
    irenti.o(.text) refers to stm32f10x_rcc.o(.text) for RCC_APB2PeriphClockCmd
    irenti.o(.text) refers to stm32f10x_gpio.o(.text) for GPIO_Init
    irenti.o(.text) refers to printfa.o(i.__0printf) for __2printf
    irenti.o(.text) refers to irenti.o(.data) for body_value
    jidianqi1.o(.text) refers to stm32f10x_rcc.o(.text) for RCC_APB2PeriphClockCmd
    jidianqi1.o(.text) refers to stm32f10x_gpio.o(.text) for GPIO_Init
    jidianqi1.o(.text) refers to strstr.o(.text) for strstr
    jidianqi1.o(.text) refers to usart2.o(.bss) for usart2_cmd_buf
    jidianqi1.o(.text) refers to jidianqi1.o(.data) for jdq1_value
    duoji.o(.text) refers to stm32f10x_rcc.o(.text) for RCC_APB1PeriphClockCmd
    duoji.o(.text) refers to stm32f10x_gpio.o(.text) for GPIO_Init
    duoji.o(.text) refers to stm32f10x_tim.o(.text) for TIM_TimeBaseInit
    duoji.o(.text) refers to strstr.o(.text) for strstr
[...]
    ../mathlib/sqrt.c                        0x00000000   Number         0  sqrt.o ABSOLUTE
    ../mathlib/sqrt.c                        0x00000000   Number         0  sqrt_x.o ABSOLUTE
    ..\Driver\duoji.c                        0x00000000   Number         0  duoji.o ABSOLUTE
    ..\Driver\hal_i2c.c                      0x00000000   Number         0  hal_i2c.o ABSOLUTE
    ..\Driver\irenti.c                       0x00000000   Number         0  irenti.o ABSOLUTE
    ..\Driver\jidianqi1.c                    0x00000000   Number         0  jidianqi1.o ABSOLUTE
    ..\Driver\led.c                          0x00000000   Number         0  led.o ABSOLUTE
    ..\Driver\sht20.c                        0x00000000   Number         0  sht20.o ABSOLUTE
    ..\Driver\usart1.c                       0x00000000   Number         0  usart1.o ABSOLUTE
    ..\Driver\usart2.c                       0x00000000   Number         0  usart2.o ABSOLUTE
    ..\EDP\EdpKit.c                          0x00000000   Number         0  edpkit.o ABSOLUTE
    ..\EDP\cJSON.c                           0x00000000   Number         0  cjson.o ABSOLUTE
    ..\Libraries\CMSIS\core_cm3.c            0x00000000   Number         0  core_cm3.o ABSOLUTE
    ..\Libraries\CMSIS\startup\arm\startup_stm32f10x_md.s 0x00000000   Number         0  startup_stm32f10x_md.o ABSOLUTE
    ..\Libraries\CMSIS\system_stm32f10x.c    0x00000000   Number         0  system_stm32f10x.o ABSOLUTE
    ..\Libraries\STM32F10x_StdPeriph_Driver\src\misc.c 0x00000000   Number         0  misc.o ABSOLUTE
    ..\Libraries\STM32F10x_StdPeriph_Driver\src\stm32f10x_exti.c 0x00000000   Number         0  stm32f10x_exti.o ABSOLUTE
    ..\Libraries\STM32F10x_StdPeriph_Driver\src\stm32f10x_flash.c 0x00000000   Number         0  stm32f10x_flash.o ABSOLUTE
    ..\Libraries\STM32F10x_StdPeriph_Driver\src\stm32f10x_gpio.c 0x00000000   Number         0  stm32f10x_gpio.o ABSOLUTE
    ..\Libraries\STM32F10x_StdPeriph_Driver\src\stm32f10x_i2c.c 0x00000000   Number         0  stm32f10x_i2c.o ABSOLUTE
    ..\Libraries\STM32F10x_StdPeriph_Driver\src\stm32f10x_rcc.c 0x00000000   Number         0  stm32f10x_rcc.o ABSOLUTE
    ..\Libraries\STM32F10x_StdPeriph_Driver\src\stm32f10x_tim.c 0x00000000   Number         0  stm32f10x_tim.o ABSOLUTE
    ..\Libraries\STM32F10x_StdPeriph_Driver\src\stm32f10x_usart.c 0x00000000   Number         0  stm32f10x_usart.o ABSOLUTE
    ..\Network\esp8266.c                     0x00000000   Number         0  esp8266.o ABSOLUTE
    ..\User\main.c                           0x00000000   Number         0  main.o ABSOLUTE
    ..\User\stm32f10x_it.c                   0x00000000   Number         0  stm32f10x_it.o ABSOLUTE
    ..\Utils\utils.c                         0x00000000   Number         0  utils.o ABSOLUTE
    ..\\Libraries\\CMSIS\\core_cm3.c         0x00000000   Number         0  core_cm3.o ABSOLUTE
    cdcmple.s                                0x00000000   Number         0  cdcmple.o ABSOLUTE
    cdrcmple.s                               0x00000000   Number         0  cdrcmple.o ABSOLUTE
    dc.s                                     0x00000000   Number         0  dc.o ABSOLUTE
    handlers.s                               0x00000000   Number         0  handlers.o ABSOLUTE
    init.s                                   0x00000000   Number         0  init.o ABSOLUTE
    RESET                                    0x08000000   Section      236  startup_stm32f10x_md.o(RESET)
    .ARM.Collect$$$$00000000                 0x080000ec   Section        0  entry.o(.ARM.Collect$$$$00000000)
    .ARM.Collect$$$$00000001                 0x080000ec   Section        4  entry2.o(.ARM.Collect$$$$00000001)
    .ARM.Collect$$$$00000004                 0x080000f0   Section        4  entry5.o(.ARM.Collect$$$$00000004)
    .ARM.Collect$$$$00000008                 0x080000f4   Section        0  entry7b.o(.ARM.Collect$$$$00000008)
    .ARM.Collect$$$$0000000A                 0x080000f4   Section        0  entry8b.o(.ARM.Collect$$$$0000000A)
    .ARM.Collect$$$$0000000B                 0x080000f4   Section        8  entry9a.o(.ARM.Collect$$$$0000000B)
    .ARM.Collect$$$$0000000D                 0x080000fc   Section        0  entry10a.o(.ARM.Collect$$$$0000000D)
    .ARM.Collect$$$$0000000F                 0x080000fc   Section        0  entry11a.o(.ARM.Collect$$$$0000000F)
    .ARM.Collect$$$$00002712                 0x080000fc   Section        4  entry2.o(.ARM.Collect$$$$00002712)
    __lit__00000000                          0x080000fc   Data           4  entry2.o(.ARM.Collect$$$$00002712)
    .text                                    0x08000100   Section        0  system_stm32f10x.o(.text)
    SetSysClockTo72                          0x08000101   Thumb Code   214  system_stm32f10x.o(.text)
    SetSysClock                              0x080001d7   Thumb Code     8  system_stm32f10x.o(.text)
    .text                                    0x080002e8   Section       36  startup_stm32f10x_md.o(.text)
    .text                                    0x0800030c   Section        0  main.o(.text)
    .text                                    0x0800039c   Section        0  stm32f10x_it.o(.text)
    .text                                    0x08000458   Section        0  misc.o(.text)
    .text                                    0x08000534   Section        0  stm32f10x_gpio.o(.text)
    .text                                    0x08000890   Section        0  stm32f10x_i2c.o(.text)
    .text                                    0x08000c94   Section        0  stm32f10x_rcc.o(.text)
    .text                                    0x08001040   Section        0  stm32f10x_usart.o(.text)
    .text                                    0x08001448   Section        0  stm32f10x_tim.o(.text)
    TI4_Config                               0x080018ef   Thumb Code   130  stm32f10x_tim.o(.text)
    TI3_Config                               0x08001983   Thumb Code   122  stm32f10x_tim.o(.text)
    TI2_Config                               0x08001a17   Thumb Code   130  stm32f10x_tim.o(.text)
    TI1_Config                               0x08001aab   Thumb Code   108  stm32f10x_tim.o(.text)
    .text                                    0x08002264   Section        0  usart1.o(.text)
    .text                                    0x08002358   Section        0  usart2.o(.text)
    .text                                    0x08002438   Section        0  led.o(.text)
    .text                                    0x080026b0   Section        0  sht20.o(.text)
    .text                                    0x08002d78   Section        0  hal_i2c.o(.text)
    .text                                    0x08003098   Section        0  irenti.o(.text)
    .text                                    0x08003140   Section        0  jidianqi1.o(.text)
    .text                                    0x08003204   Section        0  duoji.o(.text)
    .text                                    0x080032fc   Section        0  cjson.o(.text)
    cJSON_strcasecmp                         0x08003303   Thumb Code    76  cjson.o(.text)
    cJSON_strdup                             0x0800334f   Thumb Code    42  cjson.o(.text)
    cJSON_New_Item                           0x080033a9   Thumb Code    26  cjson.o(.text)
    parse_number                             0x08003415   Thumb Code   432  cjson.o(.text)
    pow2gt                                   0x080035c5   Thumb Code    28  cjson.o(.text)
    ensure                                   0x080035e1   Thumb Code   104  cjson.o(.text)
    update                                   0x08003649   Thumb Code    32  cjson.o(.text)
    print_number                             0x08003669   Thumb Code   398  cjson.o(.text)
    parse_hex4                               0x080037f7   Thumb Code   276  cjson.o(.text)
    parse_string                             0x0800390b   Thumb Code   448  cjson.o(.text)
    print_string_ptr                         0x08003acb   Thumb Code   502  cjson.o(.text)
    print_string                             0x08003cc1   Thumb Code    16  cjson.o(.text)
    skip                                     0x08003cd1   Thumb Code    18  cjson.o(.text)
    parse_object                             0x08003ce3   Thumb Code   272  cjson.o(.text)
    parse_array                              0x08003df3   Thumb Code   168  cjson.o(.text)
    parse_value                              0x08003e9b   Thumb Code   210  cjson.o(.text)
    print_object                             0x08003fdd   Thumb Code  1052  cjson.o(.text)
    print_array                              0x080043f9   Thumb Code   578  cjson.o(.text)
    print_value                              0x0800463b   Thumb Code   290  cjson.o(.text)
    suffix_object                            0x080047f9   Thumb Code     6  cjson.o(.text)
    create_reference                         0x080047ff   Thumb Code    48  cjson.o(.text)
    .text                                    0x08004d88   Section        0  edpkit.o(.text)
    FormatAt                                 0x08004d8b   Thumb Code     6  edpkit.o(.text)
    PacketSavedataType1Int                   0x080052e5   Thumb Code   224  edpkit.o(.text)
    PacketSavedataType1Double                0x080053c5   Thumb Code   216  edpkit.o(.text)
    PacketSavedataType1String                0x0800549d   Thumb Code   270  edpkit.o(.text)
    PacketSavedataType2Int                   0x080055ab   Thumb Code    68  edpkit.o(.text)
    PacketSavedataType2Double                0x080055ef   Thumb Code    70  edpkit.o(.text)
    PacketSavedataType2String                0x08005635   Thumb Code    68  edpkit.o(.text)
    PacketSavedataType3Int                   0x08005679   Thumb Code   110  edpkit.o(.text)
    PacketSavedataType3Double                0x080056e7   Thumb Code   110  edpkit.o(.text)
    PacketSavedataType3String                0x08005755   Thumb Code   108  edpkit.o(.text)
    UnpackSavedataType1Int                   0x08005939   Thumb Code   202  edpkit.o(.text)
    UnpackSavedataType1Double                0x08005a03   Thumb Code   206  edpkit.o(.text)
    UnpackSavedataType1String                0x08005ad1   Thumb Code   246  edpkit.o(.text)
    UnpackSavedataType2Int                   0x08005bc7   Thumb Code    96  edpkit.o(.text)
    UnpackSavedataType2Double                0x08005c27   Thumb Code   100  edpkit.o(.text)
    UnpackSavedataType2String                0x08005c8b   Thumb Code   140  edpkit.o(.text)
    UnpackSavedataType3Int                   0x08005d17   Thumb Code   110  edpkit.o(.text)
    UnpackSavedataType3Double                0x08005d85   Thumb Code   114  edpkit.o(.text)
    UnpackSavedataType3String                0x08005df7   Thumb Code   148  edpkit.o(.text)
    .text                                    0x080065c0   Section        0  esp8266.o(.text)
    .text                                    0x08006ebc   Section        0  utils.o(.text)
    .text                                    0x08006f7c   Section        0  tolower.o(.text)
    .text                                    0x08006f88   Section        0  memmovea.o(.text)
    .text                                    0x08006fc8   Section        0  memseta.o(.text)
    .text                                    0x08006fec   Section        0  strcat.o(.text)
    .text                                    0x08007004   Section        0  strstr.o(.text)
    .text                                    0x08007028   Section        0  strncpy.o(.text)
    .text                                    0x08007040   Section        0  strchr.o(.text)
    .text                                    0x08007054   Section        0  strlen.o(.text)
    .text                                    0x08007062   Section        0  strcpy.o(.text)
    .text                                    0x08007074   Section        0  strncmp.o(.text)
    .text                                    0x08007092   Section        0  dadd.o(.text)
    .text                                    0x080071e0   Section        0  dmul.o(.text)
    .text                                    0x080072c4   Section        0  fflti.o(.text)
    .text                                    0x080072d6   Section        0  ffltui.o(.text)
    .text                                    0x080072e0   Section        0  dflti.o(.text)
    .text                                    0x08007302   Section        0  ffixui.o(.text)
    .text                                    0x0800732a   Section        0  dfixi.o(.text)
    .text                                    0x08007368   Section        0  f2d.o(.text)
    .text                                    0x08007390   Section       48  cdcmple.o(.text)
    .text                                    0x080073c0   Section       48  cdrcmple.o(.text)
    .text                                    0x080073f0   Section        0  d2f.o(.text)
    .text                                    0x08007428   Section        0  uidiv.o(.text)
    .text                                    0x08007454   Section        0  uldiv.o(.text)
    .text                                    0x080074b6   Section        0  llshl.o(.text)
    .text                                    0x080074d4   Section        0  llushr.o(.text)
    .text                                    0x080074f4   Section        0  llsshr.o(.text)
    .text                                    0x08007518   Section        0  fepilogue.o(.text)
    .text                                    0x08007518   Section        0  iusefp.o(.text)
    .text                                    0x08007586   Section        0  depilogue.o(.text)
    .text                                    0x08007640   Section        0  ddiv.o(.text)
    .text                                    0x0800771e   Section        0  dscalb.o(.text)
    .text                                    0x0800774c   Section        0  dfixul.o(.text)
    .text                                    0x0800777c   Section       36  init.o(.text)
    .text                                    0x080077a0   Section        0  dsqrt.o(.text)
    i.__0printf                              0x08007844   Section        0  printfa.o(i.__0printf)
    i.__0sprintf                             0x08007864   Section        0  printfa.o(i.__0sprintf)
    i.__ARM_fpclassify                       0x0800788c   Section        0  fpclassify.o(i.__ARM_fpclassify)
    i.__kernel_poly                          0x080078b4   Section        0  poly.o(i.__kernel_poly)
    i.__mathlib_dbl_divzero                  0x08007960   Section        0  dunder.o(i.__mathlib_dbl_divzero)
    i.__mathlib_dbl_infnan2                  0x08007970   Section        0  dunder.o(i.__mathlib_dbl_infnan2)
    i.__mathlib_dbl_invalid                  0x08007974   Section        0  dunder.o(i.__mathlib_dbl_invalid)
    i.__mathlib_dbl_overflow                 0x08007980   Section        0  dunder.o(i.__mathlib_dbl_overflow)
    i.__mathlib_dbl_underflow                0x08007990   Section        0  dunder.o(i.__mathlib_dbl_underflow)
    i.__scatterload_copy                     0x080079a0   Section       14  handlers.o(i.__scatterload_copy)
    i.__scatterload_null                     0x080079ae   Section        2  handlers.o(i.__scatterload_null)
    i.__scatterload_zeroinit                 0x080079b0   Section       14  handlers.o(i.__scatterload_zeroinit)
    i.__set_errno                            0x080079c0   Section        0  errno.o(i.__set_errno)
    i._fp_digits                             0x080079cc   Section        0  printfa.o(i._fp_digits)
    _fp_digits                               0x080079cd   Thumb Code   366  printfa.o(i._fp_digits)
    i._printf_core                           0x08007b50   Section        0  printfa.o(i._printf_core)
    _printf_core                             0x08007b51   Thumb Code  1744  printfa.o(i._printf_core)
    i._printf_post_padding                   0x0800822c   Section        0  printfa.o(i._printf_post_padding)
    _printf_post_padding                     0x0800822d   Thumb Code    36  printfa.o(i._printf_post_padding)
    i._printf_pre_padding                    0x08008250   Section        0  printfa.o(i._printf_pre_padding)
    _printf_pre_padding                      0x08008251   Thumb Code    46  printfa.o(i._printf_pre_padding)
    i._sputc                                 0x0800827e   Section        0  printfa.o(i._sputc)
    _sputc                                   0x0800827f   Thumb Code    10  printfa.o(i._sputc)
    i.floor                                  0x08008288   Section        0  floor.o(i.floor)
    i.free                                   0x08008364   Section        0  malloc.o(i.free)
    i.malloc                                 0x080083b4   Section        0  malloc.o(i.malloc)
    i.pow                                    0x08008420   Section        0  pow.o(i.pow)
    i.sqrt                                   0x08008df8   Section        0  sqrt.o(i.sqrt)
    .constdata                               0x08008e44   Section       51  sht20.o(.constdata)
    __func__                                 0x08008e46   Data          16  sht20.o(.constdata)
    __func__                                 0x08008e56   Data          11  sht20.o(.constdata)
    __func__                                 0x08008e61   Data          22  sht20.o(.constdata)
    .constdata                               0x08008e77   Section       59  hal_i2c.o(.constdata)
    __func__                                 0x08008e77   Data          23  hal_i2c.o(.constdata)
    __func__                                 0x08008e8e   Data          13  hal_i2c.o(.constdata)
    __func__                                 0x08008e9b   Data          23  hal_i2c.o(.constdata)
    .constdata                               0x08008eb2   Section        7  cjson.o(.constdata)
    firstByteMark                            0x08008eb2   Data           7  cjson.o(.constdata)
    .constdata                               0x08008eb9   Section      512  utils.o(.constdata)
    aucCRCHi                                 0x08008eb9   Data         256  utils.o(.constdata)
    aucCRCLo                                 0x08008fb9   Data         256  utils.o(.constdata)
    .constdata                               0x080090c0   Section      136  pow.o(.constdata)
    bp                                       0x080090c0   Data          16  pow.o(.constdata)
    dp_h                                     0x080090d0   Data          16  pow.o(.constdata)
    dp_l                                     0x080090e0   Data          16  pow.o(.constdata)
    L                                        0x080090f0   Data          48  pow.o(.constdata)
    P                                        0x08009120   Data          40  pow.o(.constdata)
    .constdata                               0x08009148   Section        8  qnan.o(.constdata)
    .conststring                             0x08009150   Section       98  hal_i2c.o(.conststring)
    .data                                    0x20000000   Section       20  system_stm32f10x.o(.data)
    .data                                    0x20000014   Section       20  stm32f10x_rcc.o(.data)
    APBAHBPrescTable                         0x20000014   Data          16  stm32f10x_rcc.o(.data)
    ADCPrescTable                            0x20000024   Data           4  stm32f10x_rcc.o(.data)
    .data                                    0x20000028   Section       12  usart2.o(.data)
    .data                                    0x20000034   Section        4  led.o(.data)
    .data                                    0x20000038   Section        1  irenti.o(.data)
    .data                                    0x20000039   Section        1  jidianqi1.o(.data)
    .data                                    0x2000003a   Section        1  duoji.o(.data)
    .data                                    0x2000003c   Section       12  cjson.o(.data)
    ep                                       0x2000003c   Data           4  cjson.o(.data)
    cJSON_malloc                             0x20000040   Data           4  cjson.o(.data)
    cJSON_free                               0x20000044   Data           4  cjson.o(.data)
    .data                                    0x20000048   Section        4  esp8266.o(.data)
    .data                                    0x2000004c   Section        4  stdout.o(.data)
    .data                                    0x20000050   Section        4  mvars.o(.data)
    .data                                    0x20000054   Section        4  mvars.o(.data)
    .data                                    0x20000058   Section        4  errno.o(.data)
    _errno                                   0x20000058   Data           4  errno.o(.data)
    .bss                                     0x2000005c   Section     1280  usart2.o(.bss)
    .bss                                     0x2000055c   Section     1024  esp8266.o(.bss)
    HEAP                                     0x20000960   Section     1024  startup_stm32f10x_md.o(HEAP)
    STACK                                    0x20000d60   Section     1024  startup_stm32f10x_md.o(STACK)

    Global Symbols

    Symbol Name                              Value     Ov Type        Size  Object(Section)

    BuildAttributes$$THM_ISAv4$P$D$K$B$S$PE$A:L22UL41UL21$X:L11$S22US41US21$IEEE1$IW$USESV6$~STKCKD$USESV7$~SHL$OTIME$ROPI$IEEEX$EBA8$MICROLIB$REQ8$PRES8$EABIv2 0x00000000   Number         0  anon$$obj.o ABSOLUTE
    __ARM_use_no_argv                        0x00000000   Number         0  main.o ABSOLUTE
    _printf_a                                0x00000000   Number         0  stubs.o ABSOLUTE
    _printf_c                                0x00000000   Number         0  stubs.o ABSOLUTE
    _printf_charcount                        0x00000000   Number         0  stubs.o ABSOLUTE
    _printf_d                                0x00000000   Number         0  stubs.o ABSOLUTE
    _printf_e                                0x00000000   Number         0  stubs.o ABSOLUTE
    _printf_f                                0x00000000   Number         0  stubs.o ABSOLUTE
    _printf_flags                            0x00000000   Number         0  stubs.o ABSOLUTE
    _printf_fp_dec                           0x00000000   Number         0  stubs.o ABSOLUTE
    _printf_fp_hex                           0x00000000   Number         0  stubs.o ABSOLUTE
    _printf_g                                0x00000000   Number         0  stubs.o ABSOLUTE
    _printf_i                                0x00000000   Number         0  stubs.o ABSOLUTE
    _printf_int_dec                          0x00000000   Number         0  stubs.o ABSOLUTE
    _printf_l                                0x00000000   Number         0  stubs.o ABSOLUTE
    _printf_lc                               0x00000000   Number         0  stubs.o ABSOLUTE
    _printf_ll                               0x00000000   Number         0  stubs.o ABSOLUTE
    _printf_lld                              0x00000000   Number         0  stubs.o ABSOLUTE
    _printf_lli                              0x00000000   Number         0  stubs.o ABSOLUTE
    _printf_llo                              0x00000000   Number         0  stubs.o ABSOLUTE
    _printf_llu                              0x00000000   Number         0  stubs.o ABSOLUTE
    _printf_llx                              0x00000000   Number         0  stubs.o ABSOLUTE
    _printf_longlong_dec                     0x00000000   Number         0  stubs.o ABSOLUTE
    _printf_longlong_hex                     0x00000000   Number         0  stubs.o ABSOLUTE
    _printf_longlong_oct                     0x00000000   Number         0  stubs.o ABSOLUTE
    _printf_ls                               0x00000000   Number         0  stubs.o ABSOLUTE
    _printf_mbtowc                           0x00000000   Number         0  stubs.o ABSOLUTE
    _printf_n                                0x00000000   Number         0  stubs.o ABSOLUTE
    _printf_o                                0x00000000   Number         0  stubs.o ABSOLUTE
    _printf_p                                0x00000000   Number         0  stubs.o ABSOLUTE
    _printf_percent                          0x00000000   Number         0  stubs.o ABSOLUTE
    _printf_pre_padding                      0x00000000   Number         0  stubs.o ABSOLUTE
    _printf_return_value                     0x00000000   Number         0  stubs.o ABSOLUTE
    _printf_s                                0x00000000   Number         0  stubs.o ABSOLUTE
    _printf_sizespec                         0x00000000   Number         0  stubs.o ABSOLUTE
    _printf_str                              0x00000000   Number         0  stubs.o ABSOLUTE
    _printf_truncate_signed                  0x00000000   Number         0  stubs.o ABSOLUTE
    _printf_truncate_unsigned                0x00000000   Number         0  stubs.o ABSOLUTE
    _printf_u                                0x00000000   Number         0  stubs.o ABSOLUTE
    _printf_wc                               0x00000000   Number         0  stubs.o ABSOLUTE
    _printf_wctomb                           0x00000000   Number         0  stubs.o ABSOLUTE
    _printf_widthprec                        0x00000000   Number         0  stubs.o ABSOLUTE
    _printf_x                                0x00000000   Number         0  stubs.o ABSOLUTE
    __cpp_initialize__aeabi_                  - Undefined Weak Reference
    __cxa_finalize                            - Undefined Weak Reference
    __decompress                              - Undefined Weak Reference
    _clock_init                               - Undefined Weak Reference
    _microlib_exit                            - Undefined Weak Reference
    __Vectors_Size                           0x000000ec   Number         0  startup_stm32f10x_md.o ABSOLUTE
    __Vectors                                0x08000000   Data           4  startup_stm32f10x_md.o(RESET)
    __Vectors_End                            0x080000ec   Data           0  startup_stm32f10x_md.o(RESET)
    __main                                   0x080000ed   Thumb Code     0  entry.o(.ARM.Collect$$$$00000000)
    _main_stk                                0x080000ed   Thumb Code     0  entry2.o(.ARM.Collect$$$$00000001)
    _main_scatterload                        0x080000f1   Thumb Code     0  entry5.o(.ARM.Collect$$$$00000004)
    __main_after_scatterload                 0x080000f5   Thumb Code     0  entry5.o(.ARM.Collect$$$$00000004)
    _main_clock                              0x080000f5   Thumb Code     0  entry7b.o(.ARM.Collect$$$$00000008)
    _main_cpp_init                           0x080000f5   Thumb Code     0  entry8b.o(.ARM.Collect$$$$0000000A)
    _main_init                               0x080000f5   Thumb Code     0  entry9a.o(.ARM.Collect$$$$0000000B)
    __rt_final_cpp                           0x080000fd   Thumb Code     0  entry10a.o(.ARM.Collect$$$$0000000D)
    __rt_final_exit                          0x080000fd   Thumb Code     0  entry11a.o(.ARM.Collect$$$$0000000F)
    SystemInit                               0x080001df   Thumb Code    78  system_stm32f10x.o(.text)
    SystemCoreClockUpdate                    0x0800022d   Thumb Code   142  system_stm32f10x.o(.text)
    Reset_Handler                            0x080002e9   Thumb Code     8  startup_stm32f10x_md.o(.text)
    ADC1_2_IRQHandler                        0x08000303   Thumb Code     0  startup_stm32f10x_md.o(.text)
    CAN1_RX1_IRQHandler                      0x08000303   Thumb Code     0  startup_stm32f10x_md.o(.text)
    CAN1_SCE_IRQHandler                      0x08000303   Thumb Code     0  startup_stm32f10x_md.o(.text)
    DMA1_Channel1_IRQHandler                 0x08000303   Thumb Code     0  startup_stm32f10x_md.o(.text)
    DMA1_Channel2_IRQHandler                 0x08000303   Thumb Code     0  startup_stm32f10x_md.o(.text)
    DMA1_Channel3_IRQHandler                 0x08000303   Thumb Code     0  startup_stm32f10x_md.o(.text)
    DMA1_Channel4_IRQHandler                 0x08000303   Thumb Code     0  startup_stm32f10x_md.o(.text)
    DMA1_Channel5_IRQHandler                 0x08000303   Thumb Code     0  startup_stm32f10x_md.o(.text)
    DMA1_Channel6_IRQHandler                 0x08000303   Thumb Code     0  startup_stm32f10x_md.o(.text)
    DMA1_Channel7_IRQHandler                 0x08000303   Thumb Code     0  startup_stm32f10x_md.o(.text)
    EXTI15_10_IRQHandler                     0x08000303   Thumb Code     0  startup_stm32f10x_md.o(.text)
    EXTI1_IRQHandler                         0x08000303   Thumb Code     0  startup_stm32f10x_md.o(.text)
    EXTI2_IRQHandler                         0x08000303   Thumb Code     0  startup_stm32f10x_md.o(.text)
    EXTI3_IRQHandler                         0x08000303   Thumb Code     0  startup_stm32f10x_md.o(.text)
    EXTI4_IRQHandler                         0x08000303   Thumb Code     0  startup_stm32f10x_md.o(.text)
    EXTI9_5_IRQHandler                       0x08000303   Thumb Code     0  startup_stm32f10x_md.o(.text)
    FLASH_IRQHandler                         0x08000303   Thumb Code     0  startup_stm32f10x_md.o(.text)
    I2C1_ER_IRQHandler                       0x08000303   Thumb Code     0  startup_stm32f10x_md.o(.text)
    I2C1_EV_IRQHandler                       0x08000303   Thumb Code     0  startup_stm32f10x_md.o(.text)
    I2C2_ER_IRQHandler                       0x08000303   Thumb Code     0  startup_stm32f10x_md.o(.text)
    I2C2_EV_IRQHandler                       0x08000303   Thumb Code     0  startup_stm32f10x_md.o(.text)
    PVD_IRQHandler                           0x08000303   Thumb Code     0  startup_stm32f10x_md.o(.text)
    RCC_IRQHandler                           0x08000303   Thumb Code     0  startup_stm32f10x_md.o(.text)
    RTCAlarm_IRQHandler                      0x08000303   Thumb Code     0  startup_stm32f10x_md.o(.text)
    SPI1_IRQHandler                          0x08000303   Thumb Code     0  startup_stm32f10x_md.o(.text)
    SPI2_IRQHandler                          0x08000303   Thumb Code     0  startup_stm32f10x_md.o(.text)
    TAMPER_IRQHandler                        0x08000303   Thumb Code     0  startup_stm32f10x_md.o(.text)
    TIM1_BRK_IRQHandler                      0x08000303   Thumb Code     0  startup_stm32f10x_md.o(.text)
    TIM1_CC_IRQHandler                       0x08000303   Thumb Code     0  startup_stm32f10x_md.o(.text)
    TIM1_TRG_COM_IRQHandler                  0x08000303   Thumb Code     0  startup_stm32f10x_md.o(.text)
    TIM1_UP_IRQHandler                       0x08000303   Thumb Code     0  startup_stm32f10x_md.o(.text)
    TIM2_IRQHandler                          0x08000303   Thumb Code     0  startup_stm32f10x_md.o(.text)
    TIM3_IRQHandler                          0x08000303   Thumb Code     0  startup_stm32f10x_md.o(.text)
    TIM4_IRQHandler                          0x08000303   Thumb Code     0  startup_stm32f10x_md.o(.text)
    USART3_IRQHandler                        0x08000303   Thumb Code     0  startup_stm32f10x_md.o(.text)
    USBWakeUp_IRQHandler                     0x08000303   Thumb Code     0  startup_stm32f10x_md.o(.text)
    USB_HP_CAN1_TX_IRQHandler                0x08000303   Thumb Code     0  startup_stm32f10x_md.o(.text)
    USB_LP_CAN1_RX0_IRQHandler               0x08000303   Thumb Code     0  startup_stm32f10x_md.o(.text)
    WWDG_IRQHandler                          0x08000303   Thumb Code     0  startup_stm32f10x_md.o(.text)
    main                                     0x0800030d   Thumb Code   102  main.o(.text)
    NMI_Handler                              0x0800039d   Thumb Code     2  stm32f10x_it.o(.text)
    HardFault_Handler                        0x0800039f   Thumb Code     4  stm32f10x_it.o(.text)
    MemManage_Handler                        0x080003a3   Thumb Code     4  stm32f10x_it.o(.text)
    BusFault_Handler                         0x080003a7   Thumb Code     4  stm32f10x_it.o(.text)
    UsageFault_Handler                       0x080003ab   Thumb Code     4  stm32f10x_it.o(.text)
    SVC_Handler                              0x080003af   Thumb Code     2  stm32f10x_it.o(.text)
    DebugMon_Handler                         0x080003b1   Thumb Code     2  stm32f10x_it.o(.text)
    PendSV_Handler                           0x080003b3   Thumb Code     2  stm32f10x_it.o(.text)
    SysTick_Handler                          0x080003b5   Thumb Code     2  stm32f10x_it.o(.text)
    EXTI0_IRQHandler                         0x080003b7   Thumb Code     2  stm32f10x_it.o(.text)
    USART1_IRQHandler                        0x080003b9   Thumb Code     2  stm32f10x_it.o(.text)
    USART2_IRQHandler                        0x080003bb   Thumb Code   130  stm32f10x_it.o(.text)
    RTC_IRQHandler                           0x0800043d   Thumb Code     2  stm32f10x_it.o(.text)
    NVIC_PriorityGroupConfig                 0x08000459   Thumb Code    10  misc.o(.text)
    NVIC_Init                                0x08000463   Thumb Code   100  misc.o(.text)
    NVIC_SetVectorTable                      0x080004c7   Thumb Code    14  misc.o(.text)
    NVIC_SystemLPConfig                      0x080004d5   Thumb Code    34  misc.o(.text)
    SysTick_CLKSourceConfig                  0x080004f7   Thumb Code    40  misc.o(.text)
    GPIO_DeInit                              0x08000535   Thumb Code   172  stm32f10x_gpio.o(.text)
    GPIO_AFIODeInit                          0x080005e1   Thumb Code    20  stm32f10x_gpio.o(.text)
    GPIO_Init                                0x080005f5   Thumb Code   278  stm32f10x_gpio.o(.text)
    GPIO_StructInit                          0x0800070b   Thumb Code    16  stm32f10x_gpio.o(.text)
    GPIO_ReadInputDataBit                    0x0800071b   Thumb Code    18  stm32f10x_gpio.o(.text)
    GPIO_ReadInputData                       0x0800072d   Thumb Code     8  stm32f10x_gpio.o(.text)
    GPIO_ReadOutputDataBit                   0x08000735   Thumb Code    18  stm32f10x_gpio.o(.text)
    GPIO_ReadOutputData                      0x08000747   Thumb Code     8  stm32f10x_gpio.o(.text)
    GPIO_SetBits                             0x0800074f   Thumb Code     4  stm32f10x_gpio.o(.text)
    GPIO_ResetBits                           0x08000753   Thumb Code     4  stm32f10x_gpio.o(.text)
    GPIO_WriteBit                            0x08000757   Thumb Code    10  stm32f10x_gpio.o(.text)
    GPIO_Write                               0x08000761   Thumb Code     4  stm32f10x_gpio.o(.text)
    GPIO_PinLockConfig                       0x08000765   Thumb Code    18  stm32f10x_gpio.o(.text)
    GPIO_EventOutputConfig                   0x08000777   Thumb Code    26  stm32f10x_gpio.o(.text)
    GPIO_EventOutputCmd                      0x08000791   Thumb Code     6  stm32f10x_gpio.o(.text)
    GPIO_PinRemapConfig                      0x08000797   Thumb Code   138  stm32f10x_gpio.o(.text)
    GPIO_EXTILineConfig                      0x08000821   Thumb Code    66  stm32f10x_gpio.o(.text)
    GPIO_ETH_MediaInterfaceConfig            0x08000863   Thumb Code     8  stm32f10x_gpio.o(.text)
    I2C_DeInit                               0x08000891   Thumb Code    50  stm32f10x_i2c.o(.text)
    I2C_Init                                 0x080008c3   Thumb Code   222  stm32f10x_i2c.o(.text)
    I2C_StructInit                           0x080009a1   Thumb Code    30  stm32f10x_i2c.o(.text)
    I2C_Cmd                                  0x080009bf   Thumb Code    24  stm32f10x_i2c.o(.text)
    I2C_DMACmd                               0x080009d7   Thumb Code    24  stm32f10x_i2c.o(.text)
    I2C_DMALastTransferCmd                   0x080009ef   Thumb Code    24  stm32f10x_i2c.o(.text)
    I2C_GenerateSTART                        0x08000a07   Thumb Code    24  stm32f10x_i2c.o(.text)
    I2C_GenerateSTOP                         0x08000a1f   Thumb Code    24  stm32f10x_i2c.o(.text)
    I2C_AcknowledgeConfig                    0x08000a37   Thumb Code    24  stm32f10x_i2c.o(.text)
    I2C_OwnAddress2Config                    0x08000a4f   Thumb Code    22  stm32f10x_i2c.o(.text)
    I2C_DualAddressCmd                       0x08000a65   Thumb Code    24  stm32f10x_i2c.o(.text)
    I2C_GeneralCallCmd                       0x08000a7d   Thumb Code    24  stm32f10x_i2c.o(.text)
    I2C_ITConfig                             0x08000a95   Thumb Code    18  stm32f10x_i2c.o(.text)
    I2C_SendData                             0x08000aa7   Thumb Code     4  stm32f10x_i2c.o(.text)
    I2C_ReceiveData                          0x08000aab   Thumb Code     8  stm32f10x_i2c.o(.text)
    I2C_Send7bitAddress                      0x08000ab3   Thumb Code    18  stm32f10x_i2c.o(.text)
    I2C_ReadRegister                         0x08000ac5   Thumb Code    22  stm32f10x_i2c.o(.text)
    I2C_SoftwareResetCmd                     0x08000adb   Thumb Code    22  stm32f10x_i2c.o(.text)
    I2C_NACKPositionConfig                   0x08000af1   Thumb Code    28  stm32f10x_i2c.o(.text)
    I2C_SMBusAlertConfig                     0x08000b0d   Thumb Code    28  stm32f10x_i2c.o(.text)
    I2C_TransmitPEC                          0x08000b29   Thumb Code    24  stm32f10x_i2c.o(.text)
    I2C_PECPositionConfig                    0x08000b41   Thumb Code    28  stm32f10x_i2c.o(.text)
    I2C_CalculatePEC                         0x08000b5d   Thumb Code    24  stm32f10x_i2c.o(.text)
    I2C_GetPEC                               0x08000b75   Thumb Code     8  stm32f10x_i2c.o(.text)
    I2C_ARPCmd                               0x08000b7d   Thumb Code    24  stm32f10x_i2c.o(.text)
    I2C_StretchClockCmd                      0x08000b95   Thumb Code    24  stm32f10x_i2c.o(.text)
    I2C_FastModeDutyCycleConfig              0x08000bad   Thumb Code    28  stm32f10x_i2c.o(.text)
    I2C_CheckEvent                           0x08000bc9   Thumb Code    42  stm32f10x_i2c.o(.text)
    I2C_GetLastEvent                         0x08000bf3   Thumb Code    26  stm32f10x_i2c.o(.text)
    I2C_GetFlagStatus                        0x08000c0d   Thumb Code    58  stm32f10x_i2c.o(.text)
    I2C_ClearFlag                            0x08000c47   Thumb Code    12  stm32f10x_i2c.o(.text)
    I2C_GetITStatus                          0x08000c53   Thumb Code    54  stm32f10x_i2c.o(.text)
    I2C_ClearITPendingBit                    0x08000c89   Thumb Code    12  stm32f10x_i2c.o(.text)
    RCC_DeInit                               0x08000c95   Thumb Code    64  stm32f10x_rcc.o(.text)
    RCC_HSEConfig                            0x08000cd5   Thumb Code    70  stm32f10x_rcc.o(.text)
    RCC_GetFlagStatus                        0x08000d1b   Thumb Code    56  stm32f10x_rcc.o(.text)
    RCC_WaitForHSEStartUp                    0x08000d53   Thumb Code    56  stm32f10x_rcc.o(.text)
    RCC_AdjustHSICalibrationValue            0x08000d8b   Thumb Code    20  stm32f10x_rcc.o(.text)
    RCC_HSICmd                               0x08000d9f   Thumb Code     6  stm32f10x_rcc.o(.text)
    RCC_PLLConfig                            0x08000da5   Thumb Code    24  stm32f10x_rcc.o(.text)
    RCC_PLLCmd                               0x08000dbd   Thumb Code     6  stm32f10x_rcc.o(.text)
    RCC_SYSCLKConfig                         0x08000dc3   Thumb Code    18  stm32f10x_rcc.o(.text)
    RCC_GetSYSCLKSource                      0x08000dd5   Thumb Code    10  stm32f10x_rcc.o(.text)
    RCC_HCLKConfig                           0x08000ddf   Thumb Code    18  stm32f10x_rcc.o(.text)
    RCC_PCLK1Config                          0x08000df1   Thumb Code    18  stm32f10x_rcc.o(.text)
    RCC_PCLK2Config                          0x08000e03   Thumb Code    20  stm32f10x_rcc.o(.text)
    RCC_ITConfig                             0x08000e17   Thumb Code    26  stm32f10x_rcc.o(.text)
    RCC_USBCLKConfig                         0x08000e31   Thumb Code     8  stm32f10x_rcc.o(.text)
    RCC_ADCCLKConfig                         0x08000e39   Thumb Code    18  stm32f10x_rcc.o(.text)
    RCC_LSEConfig                            0x08000e4b   Thumb Code    50  stm32f10x_rcc.o(.text)
    RCC_LSICmd                               0x08000e7d   Thumb Code     6  stm32f10x_rcc.o(.text)
    RCC_RTCCLKConfig                         0x08000e83   Thumb Code    12  stm32f10x_rcc.o(.text)
    RCC_RTCCLKCmd                            0x08000e8f   Thumb Code     8  stm32f10x_rcc.o(.text)
    RCC_GetClocksFreq                        0x08000e97   Thumb Code   192  stm32f10x_rcc.o(.text)
    RCC_AHBPeriphClockCmd                    0x08000f57   Thumb Code    26  stm32f10x_rcc.o(.text)
    RCC_APB2PeriphClockCmd                   0x08000f71   Thumb Code    26  stm32f10x_rcc.o(.text)
    RCC_APB1PeriphClockCmd                   0x08000f8b   Thumb Code    26  stm32f10x_rcc.o(.text)
    RCC_APB2PeriphResetCmd                   0x08000fa5   Thumb Code    26  stm32f10x_rcc.o(.text)
    RCC_APB1PeriphResetCmd                   0x08000fbf   Thumb Code    26  stm32f10x_rcc.o(.text)
    RCC_BackupResetCmd                       0x08000fd9   Thumb Code     8  stm32f10x_rcc.o(.text)
    RCC_ClockSecuritySystemCmd               0x08000fe1   Thumb Code     6  stm32f10x_rcc.o(.text)
    RCC_MCOConfig                            0x08000fe7   Thumb Code     6  stm32f10x_rcc.o(.text)
    RCC_ClearFlag                            0x08000fed   Thumb Code    14  stm32f10x_rcc.o(.text)
    RCC_GetITStatus                          0x08000ffb   Thumb Code    20  stm32f10x_rcc.o(.text)
    RCC_ClearITPendingBit                    0x0800100f   Thumb Code     6  stm32f10x_rcc.o(.text)
    USART_DeInit                             0x08001041   Thumb Code   134  stm32f10x_usart.o(.text)
    USART_Init                               0x080010c7   Thumb Code   210  stm32f10x_usart.o(.text)
    USART_StructInit                         0x08001199   Thumb Code    24  stm32f10x_usart.o(.text)
    USART_ClockInit                          0x080011b1   Thumb Code    34  stm32f10x_usart.o(.text)
    USART_ClockStructInit                    0x080011d3   Thumb Code    12  stm32f10x_usart.o(.text)
    USART_Cmd                                0x080011df   Thumb Code    24  stm32f10x_usart.o(.text)
    USART_ITConfig                           0x080011f7   Thumb Code    74  stm32f10x_usart.o(.text)
    USART_DMACmd                             0x08001241   Thumb Code    18  stm32f10x_usart.o(.text)
    USART_SetAddress                         0x08001253   Thumb Code    18  stm32f10x_usart.o(.text)
    USART_WakeUpConfig                       0x08001265   Thumb Code    18  stm32f10x_usart.o(.text)
    USART_ReceiverWakeUpCmd                  0x08001277   Thumb Code    24  stm32f10x_usart.o(.text)
    USART_LINBreakDetectLengthConfig         0x0800128f   Thumb Code    18  stm32f10x_usart.o(.text)
    USART_LINCmd                             0x080012a1   Thumb Code    24  stm32f10x_usart.o(.text)
    USART_SendData                           0x080012b9   Thumb Code     8  stm32f10x_usart.o(.text)
    USART_ReceiveData                        0x080012c1   Thumb Code    10  stm32f10x_usart.o(.text)
    USART_SendBreak                          0x080012cb   Thumb Code    10  stm32f10x_usart.o(.text)
    USART_SetGuardTime                       0x080012d5   Thumb Code    16  stm32f10x_usart.o(.text)
    USART_SetPrescaler                       0x080012e5   Thumb Code    16  stm32f10x_usart.o(.text)
    USART_SmartCardCmd                       0x080012f5   Thumb Code    24  stm32f10x_usart.o(.text)
    USART_SmartCardNACKCmd                   0x0800130d   Thumb Code    24  stm32f10x_usart.o(.text)
    USART_HalfDuplexCmd                      0x08001325   Thumb Code    24  stm32f10x_usart.o(.text)
    USART_OverSampling8Cmd                   0x0800133d   Thumb Code    22  stm32f10x_usart.o(.text)
    USART_OneBitMethodCmd                    0x08001353   Thumb Code    24  stm32f10x_usart.o(.text)
    USART_IrDAConfig                         0x0800136b   Thumb Code    18  stm32f10x_usart.o(.text)
    USART_IrDACmd                            0x0800137d   Thumb Code    24  stm32f10x_usart.o(.text)
    USART_GetFlagStatus                      0x08001395   Thumb Code    26  stm32f10x_usart.o(.text)
    USART_ClearFlag                          0x080013af   Thumb Code    18  stm32f10x_usart.o(.text)
    USART_GetITStatus                        0x080013c1   Thumb Code    84  stm32f10x_usart.o(.text)
    USART_ClearITPendingBit                  0x08001415   Thumb Code    52  stm32f10x_usart.o(.text)
    TIM_DeInit                               0x08001449   Thumb Code   424  stm32f10x_tim.o(.text)
    TIM_TimeBaseInit                         0x080015f1   Thumb Code   122  stm32f10x_tim.o(.text)
    TIM_OC1Init                              0x0800166b   Thumb Code   132  stm32f10x_tim.o(.text)
    TIM_OC2Init                              0x080016ef   Thumb Code   154  stm32f10x_tim.o(.text)
    TIM_OC3Init                              0x08001789   Thumb Code   150  stm32f10x_tim.o(.text)
    TIM_OC4Init                              0x0800181f   Thumb Code   182  stm32f10x_tim.o(.text)
    TIM_SetIC4Prescaler                      0x080018d5   Thumb Code    26  stm32f10x_tim.o(.text)
    TIM_SetIC3Prescaler                      0x08001971   Thumb Code    18  stm32f10x_tim.o(.text)
    TIM_SetIC2Prescaler                      0x080019fd   Thumb Code    26  stm32f10x_tim.o(.text)
    TIM_SetIC1Prescaler                      0x08001a99   Thumb Code    18  stm32f10x_tim.o(.text)
    TIM_ICInit                               0x08001b17   Thumb Code   150  stm32f10x_tim.o(.text)
    TIM_PWMIConfig                           0x08001bad   Thumb Code   124  stm32f10x_tim.o(.text)
    TIM_BDTRConfig                           0x08001c29   Thumb Code    32  stm32f10x_tim.o(.text)
    TIM_TimeBaseStructInit                   0x08001c49   Thumb Code    18  stm32f10x_tim.o(.text)
    TIM_OCStructInit                         0x08001c5b   Thumb Code    20  stm32f10x_tim.o(.text)
    TIM_ICStructInit                         0x08001c6f   Thumb Code    18  stm32f10x_tim.o(.text)
    TIM_BDTRStructInit                       0x08001c81   Thumb Code    40  stm32f10x_tim.o(.text)
    TIM_Cmd                                  0x08001ca9   Thumb Code    24  stm32f10x_tim.o(.text)
    TIM_CtrlPWMOutputs                       0x08001cc1   Thumb Code    30  stm32f10x_tim.o(.text)
    TIM_ITConfig                             0x08001cdf   Thumb Code    18  stm32f10x_tim.o(.text)
    TIM_GenerateEvent                        0x08001cf1   Thumb Code     4  stm32f10x_tim.o(.text)
    TIM_DMAConfig                            0x08001cf5   Thumb Code    10  stm32f10x_tim.o(.text)
    TIM_DMACmd                               0x08001cff   Thumb Code    18  stm32f10x_tim.o(.text)
    TIM_InternalClockConfig                  0x08001d11   Thumb Code    12  stm32f10x_tim.o(.text)
    TIM_SelectInputTrigger                   0x08001d1d   Thumb Code    18  stm32f10x_tim.o(.text)
    TIM_ITRxExternalClockConfig              0x08001d2f   Thumb Code    24  stm32f10x_tim.o(.text)
    TIM_TIxExternalClockConfig               0x08001d47   Thumb Code    62  stm32f10x_tim.o(.text)
    TIM_ETRConfig                            0x08001d85   Thumb Code    28  stm32f10x_tim.o(.text)
    TIM_ETRClockMode1Config                  0x08001da1   Thumb Code    54  stm32f10x_tim.o(.text)
    TIM_ETRClockMode2Config                  0x08001dd7   Thumb Code    32  stm32f10x_tim.o(.text)
    TIM_PrescalerConfig                      0x08001df7   Thumb Code     6  stm32f10x_tim.o(.text)
    TIM_CounterModeConfig                    0x08001dfd   Thumb Code    18  stm32f10x_tim.o(.text)
    TIM_EncoderInterfaceConfig               0x08001e0f   Thumb Code    66  stm32f10x_tim.o(.text)
    TIM_ForcedOC1Config                      0x08001e51   Thumb Code    18  stm32f10x_tim.o(.text)
    TIM_ForcedOC2Config                      0x08001e63   Thumb Code    26  stm32f10x_tim.o(.text)
    TIM_ForcedOC3Config                      0x08001e7d   Thumb Code    18  stm32f10x_tim.o(.text)
    TIM_ForcedOC4Config                      0x08001e8f   Thumb Code    26  stm32f10x_tim.o(.text)
    TIM_ARRPreloadConfig                     0x08001ea9   Thumb Code    24  stm32f10x_tim.o(.text)
    TIM_SelectCOM                            0x08001ec1   Thumb Code    24  stm32f10x_tim.o(.text)
    TIM_SelectCCDMA                          0x08001ed9   Thumb Code    24  stm32f10x_tim.o(.text)
    TIM_CCPreloadControl                     0x08001ef1   Thumb Code    24  stm32f10x_tim.o(.text)
    TIM_OC1PreloadConfig                     0x08001f09   Thumb Code    18  stm32f10x_tim.o(.text)
    TIM_OC2PreloadConfig                     0x08001f1b   Thumb Code    26  stm32f10x_tim.o(.text)
    TIM_OC3PreloadConfig                     0x08001f35   Thumb Code    18  stm32f10x_tim.o(.text)
    TIM_OC4PreloadConfig                     0x08001f47   Thumb Code    26  stm32f10x_tim.o(.text)
    TIM_OC1FastConfig                        0x08001f61   Thumb Code    18  stm32f10x_tim.o(.text)
    TIM_OC2FastConfig                        0x08001f73   Thumb Code    26  stm32f10x_tim.o(.text)
    TIM_OC3FastConfig                        0x08001f8d   Thumb Code    18  stm32f10x_tim.o(.text)
    TIM_OC4FastConfig                        0x08001f9f   Thumb Code    26  stm32f10x_tim.o(.text)
    TIM_ClearOC1Ref                          0x08001fb9   Thumb Code    18  stm32f10x_tim.o(.text)
    TIM_ClearOC2Ref                          0x08001fcb   Thumb Code    24  stm32f10x_tim.o(.text)
    TIM_ClearOC3Ref                          0x08001fe3   Thumb Code    18  stm32f10x_tim.o(.text)
    TIM_ClearOC4Ref                          0x08001ff5   Thumb Code    24  stm32f10x_tim.o(.text)
    TIM_OC1PolarityConfig                    0x0800200d   Thumb Code    18  stm32f10x_tim.o(.text)
    TIM_OC1NPolarityConfig                   0x0800201f   Thumb Code    18  stm32f10x_tim.o(.text)
    TIM_OC2PolarityConfig                    0x08002031   Thumb Code    26  stm32f10x_tim.o(.text)
    TIM_OC2NPolarityConfig                   0x0800204b   Thumb Code    26  stm32f10x_tim.o(.text)
    TIM_OC3PolarityConfig                    0x08002065   Thumb Code    26  stm32f10x_tim.o(.text)
    TIM_OC3NPolarityConfig                   0x0800207f   Thumb Code    26  stm32f10x_tim.o(.text)
    TIM_OC4PolarityConfig                    0x08002099   Thumb Code    26  stm32f10x_tim.o(.text)
    TIM_CCxCmd                               0x080020b3   Thumb Code    30  stm32f10x_tim.o(.text)
    TIM_CCxNCmd                              0x080020d1   Thumb Code    30  stm32f10x_tim.o(.text)
    TIM_SelectOCxM                           0x080020ef   Thumb Code    82  stm32f10x_tim.o(.text)
    TIM_UpdateDisableConfig                  0x08002141   Thumb Code    24  stm32f10x_tim.o(.text)
    TIM_UpdateRequestConfig                  0x08002159   Thumb Code    24  stm32f10x_tim.o(.text)
    TIM_SelectHallSensor                     0x08002171   Thumb Code    24  stm32f10x_tim.o(.text)
    TIM_SelectOnePulseMode                   0x08002189   Thumb Code    18  stm32f10x_tim.o(.text)
    TIM_SelectOutputTrigger                  0x0800219b   Thumb Code    18  stm32f10x_tim.o(.text)
    TIM_SelectSlaveMode                      0x080021ad   Thumb Code    18  stm32f10x_tim.o(.text)
    TIM_SelectMasterSlaveMode                0x080021bf   Thumb Code    18  stm32f10x_tim.o(.text)
    TIM_SetCounter                           0x080021d1   Thumb Code     4  stm32f10x_tim.o(.text)
    TIM_SetAutoreload                        0x080021d5   Thumb Code     4  stm32f10x_tim.o(.text)
    TIM_SetCompare1                          0x080021d9   Thumb Code     4  stm32f10x_tim.o(.text)
    TIM_SetCompare2                          0x080021dd   Thumb Code     4  stm32f10x_tim.o(.text)
    TIM_SetCompare3                          0x080021e1   Thumb Code     4  stm32f10x_tim.o(.text)
    TIM_SetCompare4                          0x080021e5   Thumb Code     6  stm32f10x_tim.o(.text)
    TIM_SetClockDivision                     0x080021eb   Thumb Code    18  stm32f10x_tim.o(.text)
    TIM_GetCapture1                          0x080021fd   Thumb Code     6  stm32f10x_tim.o(.text)
    TIM_GetCapture2                          0x08002203   Thumb Code     6  stm32f10x_tim.o(.text)
    TIM_GetCapture3                          0x08002209   Thumb Code     6  stm32f10x_tim.o(.text)
    TIM_GetCapture4                          0x0800220f   Thumb Code     8  stm32f10x_tim.o(.text)
    TIM_GetCounter                           0x08002217   Thumb Code     6  stm32f10x_tim.o(.text)
    TIM_GetPrescaler                         0x0800221d   Thumb Code     6  stm32f10x_tim.o(.text)
    TIM_GetFlagStatus                        0x08002223   Thumb Code    18  stm32f10x_tim.o(.text)
    TIM_ClearFlag                            0x08002235   Thumb Code     6  stm32f10x_tim.o(.text)
    TIM_GetITStatus                          0x0800223b   Thumb Code    34  stm32f10x_tim.o(.text)
    TIM_ClearITPendingBit                    0x0800225d   Thumb Code     6  stm32f10x_tim.o(.text)
    fputc                                    0x08002265   Thumb Code    32  usart1.o(.text)
    USART1_Init                              0x08002285   Thumb Code   152  usart1.o(.text)
    usart1_write                             0x0800231d   Thumb Code    50  usart1.o(.text)
    USART2_Init                              0x08002359   Thumb Code   158  usart2.o(.text)
    usart2_write                             0x080023f7   Thumb Code    56  usart2.o(.text)
    mDelay1                                  0x08002439   Thumb Code    26  led.o(.text)
    LED_Init                                 0x08002453   Thumb Code    40  led.o(.text)
    LED_CmdCtl                               0x0800247b   Thumb Code   204  led.o(.text)
    LED_Switch                               0x08002547   Thumb Code   170  led.o(.text)
    LED_GetValue                             0x080025f1   Thumb Code   104  led.o(.text)
    SHT20_reset                              0x080026b1   Thumb Code    16  sht20.o(.text)
    SHT20_read_user_reg                      0x080026c1   Thumb Code    24  sht20.o(.text)
    SHT20_write_user_reg                     0x080026d9   Thumb Code    16  sht20.o(.text)
    SHT2x_CheckCrc                           0x080026e9   Thumb Code    70  sht20.o(.text)
    SHT2x_CalcRH                             0x0800272f   Thumb Code    56  sht20.o(.text)
    SHT2x_CalcTemperatureC                   0x08002767   Thumb Code    56  sht20.o(.text)
    SHT2x_MeasureHM                          0x0800279f   Thumb Code   416  sht20.o(.text)
    SHT2x_GetSerialNumber                    0x0800293f   Thumb Code   870  sht20.o(.text)
    SHT20_loop                               0x08002ca5   Thumb Code   144  sht20.o(.text)
    GPIO_I2C_Configuration                   0x08002d79   Thumb Code    68  hal_i2c.o(.text)
    I2C_Configuration                        0x08002dbd   Thumb Code    88  hal_i2c.o(.text)
    Check_I2C_Device_Ready                   0x08002e15   Thumb Code    12  hal_i2c.o(.text)
    Hal_I2C_Init                             0x08002e21   Thumb Code    30  hal_i2c.o(.text)
    Hal_I2C_ByteWrite                        0x08002e3f   Thumb Code   148  hal_i2c.o(.text)
    Hal_I2C_ByteRead                         0x08002ed3   Thumb Code   196  hal_i2c.o(.text)
    Hal_I2C_MutiRead                         0x08002f97   Thumb Code   212  hal_i2c.o(.text)
    Body_Init                                0x08003099   Thumb Code    38  irenti.o(.text)
    Get_Bodystatus                           0x080030bf   Thumb Code    74  irenti.o(.text)
    JDQ_Init                                 0x08003141   Thumb Code    38  jidianqi1.o(.text)
    JDQ_Cmdtl                                0x08003167   Thumb Code    52  jidianqi1.o(.text)
    JDQ_Switch                               0x0800319b   Thumb Code    48  jidianqi1.o(.text)
    JDQ_GetValue                             0x080031cb   Thumb Code    28  jidianqi1.o(.text)
    TIM4_Init                                0x08003205   Thumb Code   138  duoji.o(.text)
    DUOJI_CmdCtl                             0x0800328f   Thumb Code    56  duoji.o(.text)
    DUOJI_GetValue                           0x080032c7   Thumb Code    22  duoji.o(.text)
    cJSON_GetErrorPtr                        0x080032fd   Thumb Code     6  cjson.o(.text)
    cJSON_InitHooks                          0x08003379   Thumb Code    48  cjson.o(.text)
    cJSON_Delete                             0x080033c3   Thumb Code    82  cjson.o(.text)
    cJSON_ParseWithOpts                      0x08003f6d   Thumb Code    96  cjson.o(.text)
    cJSON_Parse                              0x08003fcd   Thumb Code    16  cjson.o(.text)
    cJSON_Print                              0x0800475d   Thumb Code    18  cjson.o(.text)
    cJSON_PrintUnformatted                   0x0800476f   Thumb Code    18  cjson.o(.text)
    cJSON_PrintBuffered                      0x08004781   Thumb Code    54  cjson.o(.text)
    cJSON_GetArraySize                       0x080047b7   Thumb Code    18  cjson.o(.text)
    cJSON_GetArrayItem                       0x080047c9   Thumb Code    18  cjson.o(.text)
    cJSON_GetObjectItem                      0x080047db   Thumb Code    30  cjson.o(.text)
    cJSON_AddItemToArray                     0x0800482f   Thumb Code    42  cjson.o(.text)
    cJSON_AddItemToObject                    0x08004859   Thumb Code    44  cjson.o(.text)
    cJSON_AddItemToObjectCS                  0x08004885   Thumb Code    54  cjson.o(.text)
    cJSON_AddItemReferenceToArray            0x080048bb   Thumb Code    24  cjson.o(.text)
    cJSON_AddItemReferenceToObject           0x080048d3   Thumb Code    32  cjson.o(.text)
    cJSON_DetachItemFromArray                0x080048f3   Thumb Code    66  cjson.o(.text)
    cJSON_DeleteItemFromArray                0x08004935   Thumb Code    22  cjson.o(.text)
    cJSON_DetachItemFromObject               0x0800494b   Thumb Code    50  cjson.o(.text)
    cJSON_DeleteItemFromObject               0x0800497d   Thumb Code    22  cjson.o(.text)
    cJSON_InsertItemInArray                  0x08004993   Thumb Code    64  cjson.o(.text)
    cJSON_ReplaceItemInArray                 0x080049d3   Thumb Code    76  cjson.o(.text)
    cJSON_ReplaceItemInObject                0x08004a1f   Thumb Code    62  cjson.o(.text)
    cJSON_CreateNull                         0x08004a5d   Thumb Code    18  cjson.o(.text)
    cJSON_CreateTrue                         0x08004a6f   Thumb Code    18  cjson.o(.text)
    cJSON_CreateFalse                        0x08004a81   Thumb Code    18  cjson.o(.text)
    cJSON_CreateBool                         0x08004a93   Thumb Code    26  cjson.o(.text)
    cJSON_CreateNumber                       0x08004aad   Thumb Code    36  cjson.o(.text)
    cJSON_CreateString                       0x08004ad1   Thumb Code    28  cjson.o(.text)
    cJSON_CreateArray                        0x08004aed   Thumb Code    18  cjson.o(.text)
    cJSON_CreateObject                       0x08004aff   Thumb Code    18  cjson.o(.text)
    cJSON_CreateIntArray                     0x08004b11   Thumb Code    68  cjson.o(.text)
    cJSON_CreateFloatArray                   0x08004b55   Thumb Code    68  cjson.o(.text)
    cJSON_CreateDoubleArray                  0x08004b99   Thumb Code    68  cjson.o(.text)
    cJSON_CreateStringArray                  0x08004bdd   Thumb Code    62  cjson.o(.text)
    cJSON_Duplicate                          0x08004c1b   Thumb Code   180  cjson.o(.text)
    cJSON_Minify                             0x08004ccf   Thumb Code   186  cjson.o(.text)
    assert                                   0x08004d89   Thumb Code     2  edpkit.o(.text)
    NewBuffer                                0x08004d91   Thumb Code    36  edpkit.o(.text)
    DeleteBuffer                             0x08004db5   Thumb Code    26  edpkit.o(.text)
    CheckCapacity                            0x08004dcf   Thumb Code    90  edpkit.o(.text)
    ReadByte                                 0x08004e29   Thumb Code    36  edpkit.o(.text)
    ReadBytes                                0x08004e4d   Thumb Code    56  edpkit.o(.text)
    ReadUint16                               0x08004e85   Thumb Code    54  edpkit.o(.text)
    ReadUint32                               0x08004ebb   Thumb Code    54  edpkit.o(.text)
    ReadStr                                  0x08004ef1   Thumb Code   102  edpkit.o(.text)
    ReadRemainlen                            0x08004f57   Thumb Code    84  edpkit.o(.text)
    WriteByte                                0x08004fab   Thumb Code    54  edpkit.o(.text)
    WriteBytes                               0x08004fe1   Thumb Code    64  edpkit.o(.text)
    WriteUint16                              0x08005021   Thumb Code    50  edpkit.o(.text)
    WriteUint32                              0x08005053   Thumb Code    74  edpkit.o(.text)
    WriteStr                                 0x0800509d   Thumb Code    62  edpkit.o(.text)
    WriteRemainlen                           0x080050db   Thumb Code    80  edpkit.o(.text)
    PacketConnect1                           0x0800512b   Thumb Code   106  edpkit.o(.text)
    PacketConnect2                           0x08005195   Thumb Code   124  edpkit.o(.text)
    PacketPushdata                           0x08005211   Thumb Code    70  edpkit.o(.text)
    PacketSavedataJson                       0x08005257   Thumb Code   142  edpkit.o(.text)
    PacketSavedataInt                        0x080057c1   Thumb Code    98  edpkit.o(.text)
    PacketSavedataDouble                     0x08005823   Thumb Code   112  edpkit.o(.text)
    PacketSavedataString                     0x08005893   Thumb Code    98  edpkit.o(.text)
    UnpackSavedataJson                       0x080058f5   Thumb Code    68  edpkit.o(.text)
    UnpackSavedataInt                        0x08005e8b   Thumb Code    88  edpkit.o(.text)
    UnpackSavedataDouble                     0x08005ee3   Thumb Code    88  edpkit.o(.text)
    UnpackSavedataString                     0x08005f3b   Thumb Code    88  edpkit.o(.text)
    UnpackSavedataAck                        0x08005f93   Thumb Code    86  edpkit.o(.text)
    PacketSavedataBin                        0x08005fe9   Thumb Code   200  edpkit.o(.text)
    PacketSavedataBinStr                     0x080060b1   Thumb Code   182  edpkit.o(.text)
    PacketCmdResp                            0x08006167   Thumb Code    98  edpkit.o(.text)
    PacketPing                               0x080061c9   Thumb Code    30  edpkit.o(.text)
    IsPkgComplete                            0x080061e7   Thumb Code    98  edpkit.o(.text)
    GetEdpPacket                             0x08006249   Thumb Code    80  edpkit.o(.text)
    EdpPacketType                            0x08006299   Thumb Code    22  edpkit.o(.text)
    UnpackConnectResp                        0x080062af   Thumb Code    76  edpkit.o(.text)
    UnpackPushdata                           0x080062fb   Thumb Code   102  edpkit.o(.text)
    UnpackSavedata                           0x08006361   Thumb Code    88  edpkit.o(.text)
    UnpackSavedataBin                        0x080063b9   Thumb Code   108  edpkit.o(.text)
    UnpackSavedataBinStr                     0x08006425   Thumb Code    88  edpkit.o(.text)
    UnpackCmdReq                             0x0800647d   Thumb Code   128  edpkit.o(.text)
    UnpackPingResp                           0x080064fd   Thumb Code    44  edpkit.o(.text)
    PacketSavedataSimpleString               0x08006529   Thumb Code   120  edpkit.o(.text)
    UnpackSavedataSimpleString               0x080065a1   Thumb Code    26  edpkit.o(.text)
    ESP8266_Rst                              0x080065c1   Thumb Code    66  esp8266.o(.text)
    SendCmd                                  0x08006603   Thumb Code    78  esp8266.o(.text)
    ESP8266_Init                             0x08006651   Thumb Code   204  esp8266.o(.text)
    GetSendBuf                               0x0800671d   Thumb Code   418  esp8266.o(.text)
    ESP8266_DevLink                          0x080068bf   Thumb Code   870  esp8266.o(.text)
    ESP8266_CheckStatus                      0x08006c25   Thumb Code   154  esp8266.o(.text)
    ESP8266_SendDat                          0x08006cbf   Thumb Code   146  esp8266.o(.text)
    hexdump                                  0x08006ebd   Thumb Code    46  utils.o(.text)
    prvucMBBIN2CHAR                          0x08006eeb   Thumb Code    34  utils.o(.text)
    usMBCRC16                                0x08006f0d   Thumb Code    48  utils.o(.text)
    mDelay                                   0x08006f3d   Thumb Code    26  utils.o(.text)
    uDelay                                   0x08006f57   Thumb Code    18  utils.o(.text)
    tolower                                  0x08006f7d   Thumb Code    12  tolower.o(.text)
    ___aeabi_memcpy8$move                    0x08006f89   Thumb Code     0  memmovea.o(.text)
    __aeabi_memcpy                           0x08006f89   Thumb Code    64  memmovea.o(.text)
    __aeabi_memcpy4                          0x08006f89   Thumb Code     0  memmovea.o(.text)
    __aeabi_memmove                          0x08006f89   Thumb Code     0  memmovea.o(.text)
    __aeabi_memmove4                         0x08006f89   Thumb Code     0  memmovea.o(.text)
    __aeabi_memmove8                         0x08006f89   Thumb Code     0  memmovea.o(.text)
    __aeabi_memset                           0x08006fc9   Thumb Code    14  memseta.o(.text)
    __aeabi_memset4                          0x08006fc9   Thumb Code     0  memseta.o(.text)
    __aeabi_memset8                          0x08006fc9   Thumb Code     0  memseta.o(.text)
    __aeabi_memclr                           0x08006fd7   Thumb Code     4  memseta.o(.text)
    __aeabi_memclr4                          0x08006fd7   Thumb Code     0  memseta.o(.text)
    __aeabi_memclr8                          0x08006fd7   Thumb Code     0  memseta.o(.text)
    _memset$wrapper                          0x08006fdb   Thumb Code    18  memseta.o(.text)
    strcat                                   0x08006fed   Thumb Code    24  strcat.o(.text)
    strstr                                   0x08007005   Thumb Code    36  strstr.o(.text)
    strncpy                                  0x08007029   Thumb Code    24  strncpy.o(.text)
    strchr                                   0x08007041   Thumb Code    20  strchr.o(.text)
    strlen                                   0x08007055   Thumb Code    14  strlen.o(.text)
    strcpy                                   0x08007063   Thumb Code    18  strcpy.o(.text)
    strncmp                                  0x08007075   Thumb Code    30  strncmp.o(.text)
    __aeabi_dadd                             0x08007093   Thumb Code   322  dadd.o(.text)
    __aeabi_dsub                             0x080071d5   Thumb Code     6  dadd.o(.text)
    __aeabi_drsub                            0x080071db   Thumb Code     6  dadd.o(.text)
    __aeabi_dmul                             0x080071e1   Thumb Code   228  dmul.o(.text)
    __aeabi_i2f                              0x080072c5   Thumb Code    18  fflti.o(.text)
    __aeabi_ui2f                             0x080072d7   Thumb Code    10  ffltui.o(.text)
    __aeabi_i2d                              0x080072e1   Thumb Code    34  dflti.o(.text)
    __aeabi_f2uiz                            0x08007303   Thumb Code    40  ffixui.o(.text)
    __aeabi_d2iz                             0x0800732b   Thumb Code    62  dfixi.o(.text)
    __aeabi_f2d                              0x08007369   Thumb Code    38  f2d.o(.text)
    __aeabi_cdcmpeq                          0x08007391   Thumb Code     0  cdcmple.o(.text)
    __aeabi_cdcmple                          0x08007391   Thumb Code    48  cdcmple.o(.text)
    __aeabi_cdrcmple                         0x080073c1   Thumb Code    48  cdrcmple.o(.text)
    __aeabi_d2f                              0x080073f1   Thumb Code    56  d2f.o(.text)
    __aeabi_uidiv                            0x08007429   Thumb Code     0  uidiv.o(.text)
    __aeabi_uidivmod                         0x08007429   Thumb Code    44  uidiv.o(.text)
    __aeabi_uldivmod                         0x08007455   Thumb Code    98  uldiv.o(.text)
    __aeabi_llsl                             0x080074b7   Thumb Code    30  llshl.o(.text)
    _ll_shift_l                              0x080074b7   Thumb Code     0  llshl.o(.text)
    __aeabi_llsr                             0x080074d5   Thumb Code    32  llushr.o(.text)
    _ll_ushift_r                             0x080074d5   Thumb Code     0  llushr.o(.text)
    __aeabi_lasr                             0x080074f5   Thumb Code    36  llsshr.o(.text)
    _ll_sshift_r                             0x080074f5   Thumb Code     0  llsshr.o(.text)
    __I$use$fp                               0x08007519   Thumb Code     0  iusefp.o(.text)
    _float_round                             0x08007519   Thumb Code    18  fepilogue.o(.text)
    _float_epilogue                          0x0800752b   Thumb Code    92  fepilogue.o(.text)
    _double_round                            0x08007587   Thumb Code    30  depilogue.o(.text)
    _double_epilogue                         0x080075a5   Thumb Code   156  depilogue.o(.text)
    __aeabi_ddiv                             0x08007641   Thumb Code   222  ddiv.o(.text)
    __ARM_scalbn                             0x0800771f   Thumb Code    46  dscalb.o(.text)
    scalbn                                   0x0800771f   Thumb Code     0  dscalb.o(.text)
    __aeabi_d2ulz                            0x0800774d   Thumb Code    48  dfixul.o(.text)
    __scatterload                            0x0800777d   Thumb Code    28  init.o(.text)
    __scatterload_rt2                        0x0800777d   Thumb Code     0  init.o(.text)
    _dsqrt                                   0x080077a1   Thumb Code   162  dsqrt.o(.text)
    __0printf                                0x08007845   Thumb Code    22  printfa.o(i.__0printf)
    __1printf                                0x08007845   Thumb Code     0  printfa.o(i.__0printf)
    __2printf                                0x08007845   Thumb Code     0  printfa.o(i.__0printf)
    __c89printf                              0x08007845   Thumb Code     0  printfa.o(i.__0printf)
    printf                                   0x08007845   Thumb Code     0  printfa.o(i.__0printf)
    __0sprintf                               0x08007865   Thumb Code    34  printfa.o(i.__0sprintf)
    __1sprintf                               0x08007865   Thumb Code     0  printfa.o(i.__0sprintf)
    __2sprintf                               0x08007865   Thumb Code     0  printfa.o(i.__0sprintf)
    __c89sprintf                             0x08007865   Thumb Code     0  printfa.o(i.__0sprintf)
    sprintf                                  0x08007865   Thumb Code     0  printfa.o(i.__0sprintf)
    __ARM_fpclassify                         0x0800788d   Thumb Code    40  fpclassify.o(i.__ARM_fpclassify)
    __kernel_poly                            0x080078b5   Thumb Code   170  poly.o(i.__kernel_poly)
    __mathlib_dbl_divzero                    0x08007961   Thumb Code    12  dunder.o(i.__mathlib_dbl_divzero)
    __mathlib_dbl_infnan2                    0x08007971   Thumb Code     4  dunder.o(i.__mathlib_dbl_infnan2)
    __mathlib_dbl_invalid                    0x08007975   Thumb Code    12  dunder.o(i.__mathlib_dbl_invalid)
    __mathlib_dbl_overflow                   0x08007981   Thumb Code    14  dunder.o(i.__mathlib_dbl_overflow)
    __mathlib_dbl_underflow                  0x08007991   Thumb Code    10  dunder.o(i.__mathlib_dbl_underflow)
    __scatterload_copy                       0x080079a1   Thumb Code    14  handlers.o(i.__scatterload_copy)
    __scatterload_null                       0x080079af   Thumb Code     2  handlers.o(i.__scatterload_null)
    __scatterload_zeroinit                   0x080079b1   Thumb Code    14  handlers.o(i.__scatterload_zeroinit)
    __set_errno                              0x080079c1   Thumb Code     6  errno.o(i.__set_errno)
    floor                                    0x08008289   Thumb Code   204  floor.o(i.floor)
    free                                     0x08008365   Thumb Code    76  malloc.o(i.free)
    malloc                                   0x080083b5   Thumb Code    92  malloc.o(i.malloc)
    pow                                      0x08008421   Thumb Code  2512  pow.o(i.pow)
    sqrt                                     0x08008df9   Thumb Code    76  sqrt.o(i.sqrt)
    POLYNOMIAL                               0x08008e44   Data           2  sht20.o(.constdata)
    __mathlib_zero                           0x08009148   Data           8  qnan.o(.constdata)
    Region$$Table$$Base                      0x080091b4   Number         0  anon$$obj.o(Region$$Table)
    Region$$Table$$Limit                     0x080091d4   Number         0  anon$$obj.o(Region$$Table)
    SystemCoreClock                          0x20000000   Data           4  system_stm32f10x.o(.data)
    AHBPrescTable                            0x20000004   Data          16  system_stm32f10x.o(.data)
    rcv_cmd_start                            0x20000028   Data           1  usart2.o(.data)
    rcv_cmd_flag                             0x20000029   Data           1  usart2.o(.data)
    usart2_rcv_len                           0x2000002c   Data           4  usart2.o(.data)
    usart2_cmd_len                           0x20000030   Data           4  usart2.o(.data)
    red_value                                0x20000034   Data           1  led.o(.data)
    yellow_value                             0x20000035   Data           1  led.o(.data)
    blue_value                               0x20000036   Data           1  led.o(.data)
    green_value                              0x20000037   Data           1  led.o(.data)
    body_value                               0x20000038   Data           1  irenti.o(.data)
    jdq1_value                               0x20000039   Data           1  jidianqi1.o(.data)
    duoji_value                              0x2000003a   Data           1  duoji.o(.data)
    send_pkg                                 0x20000048   Data           4  esp8266.o(.data)
    __stdout                                 0x2000004c   Data           4  stdout.o(.data)
    __microlib_freelist                      0x20000050   Data           4  mvars.o(.data)
    __microlib_freelist_initialised          0x20000054   Data           4  mvars.o(.data)
    usart2_rcv_buf                           0x2000005c   Data        1024  usart2.o(.bss)
    usart2_cmd_buf                           0x2000045c   Data         256  usart2.o(.bss)
    send_buf                                 0x2000055c   Data        1024  esp8266.o(.bss)
    __heap_base                              0x20000960   Data           0  startup_stm32f10x_md.o(HEAP)
    __heap_limit                             0x20000d60   Data           0  startup_stm32f10x_md.o(HEAP)
    __initial_sp                             0x20001160   Data           0  startup_stm32f10x_md.o(STACK)



==============================================================================

Memory Map of the image

  Image Entry point : 0x080000ed

  Load Region LR_IROM1 (Base: 0x08000000, Size: 0x00009230, Max: 0x00080000, ABSOLUTE)

    Execution Region ER_IROM1 (Base: 0x08000000, Size: 0x000091d4, Max: 0x00080000, ABSOLUTE)

    Base Addr    Size         Type   Attr      Idx    E Section Name        Object

    0x08000000   0x000000ec   Data   RO          116    RESET               startup_stm32f10x_md.o
    0x080000ec   0x00000000   Code   RO          575  * .ARM.Collect$$$$00000000  mc_w.l(entry.o)
    0x080000ec   0x00000004   Code   RO          942    .ARM.Collect$$$$00000001  mc_w.l(entry2.o)
    0x080000f0   0x00000004   Code   RO          945    .ARM.Collect$$$$00000004  mc_w.l(entry5.o)
    0x080000f4   0x00000000   Code   RO          947    .ARM.Collect$$$$00000008  mc_w.l(entry7b.o)
    0x080000f4   0x00000000   Code   RO          949    .ARM.Collect$$$$0000000A  mc_w.l(entry8b.o)
    0x080000f4   0x00000008   Code   RO          950    .ARM.Collect$$$$0000000B  mc_w.l(entry9a.o)
    0x080000fc   0x00000000   Code   RO          952    .ARM.Collect$$$$0000000D  mc_w.l(entry10a.o)
    0x080000fc   0x00000000   Code   RO          954    .ARM.Collect$$$$0000000F  mc_w.l(entry11a.o)
    0x080000fc   0x00000004   Code   RO          943    .ARM.Collect$$$$00002712  mc_w.l(entry2.o)
    0x08000100   0x000001e8   Code   RO           17    .text               system_stm32f10x.o
    0x080002e8   0x00000024   Code   RO          117    .text               startup_stm32f10x_md.o
    0x0800030c   0x00000090   Code   RO          121    .text               main.o
    0x0800039c   0x000000bc   Code   RO          199    .text               stm32f10x_it.o
    0x08000458   0x000000dc   Code   RO          225    .text               misc.o
    0x08000534   0x0000035c   Code   RO          261    .text               stm32f10x_gpio.o
    0x08000890   0x00000404   Code   RO          273    .text               stm32f10x_i2c.o
    0x08000c94   0x000003ac   Code   RO          285    .text               stm32f10x_rcc.o
    0x08001040   0x00000408   Code   RO          299    .text               stm32f10x_usart.o
    0x08001448   0x00000e1a   Code   RO          311    .text               stm32f10x_tim.o
    0x08002262   0x00000002   PAD
    0x08002264   0x000000f4   Code   RO          323    .text               usart1.o
    0x08002358   0x000000e0   Code   RO          342    .text               usart2.o
    0x08002438   0x00000278   Code   RO          361    .text               led.o
    0x080026b0   0x000006c8   Code   RO          379    .text               sht20.o
    0x08002d78   0x00000320   Code   RO          394    .text               hal_i2c.o
    0x08003098   0x000000a8   Code   RO          408    .text               irenti.o
    0x08003140   0x000000c4   Code   RO          426    .text               jidianqi1.o
    0x08003204   0x000000f8   Code   RO          444    .text               duoji.o
    0x080032fc   0x00001a8c   Code   RO          462    .text               cjson.o
    0x08004d88   0x00001838   Code   RO          504    .text               edpkit.o
    0x080065c0   0x000008fc   Code   RO          528    .text               esp8266.o
    0x08006ebc   0x000000c0   Code   RO          547    .text               utils.o
    0x08006f7c   0x0000000c   Code   RO          578    .text               mc_w.l(tolower.o)
    0x08006f88   0x00000040   Code   RO          582    .text               mc_w.l(memmovea.o)
    0x08006fc8   0x00000024   Code   RO          584    .text               mc_w.l(memseta.o)
    0x08006fec   0x00000018   Code   RO          586    .text               mc_w.l(strcat.o)
    0x08007004   0x00000024   Code   RO          588    .text               mc_w.l(strstr.o)
    0x08007028   0x00000018   Code   RO          590    .text               mc_w.l(strncpy.o)
    0x08007040   0x00000014   Code   RO          592    .text               mc_w.l(strchr.o)
    0x08007054   0x0000000e   Code   RO          594    .text               mc_w.l(strlen.o)
    0x08007062   0x00000012   Code   RO          596    .text               mc_w.l(strcpy.o)
    0x08007074   0x0000001e   Code   RO          598    .text               mc_w.l(strncmp.o)
    0x08007092   0x0000014e   Code   RO          893    .text               mf_w.l(dadd.o)
    0x080071e0   0x000000e4   Code   RO          895    .text               mf_w.l(dmul.o)
    0x080072c4   0x00000012   Code   RO          897    .text               mf_w.l(fflti.o)
    0x080072d6   0x0000000a   Code   RO          899    .text               mf_w.l(ffltui.o)
    0x080072e0   0x00000022   Code   RO          901    .text               mf_w.l(dflti.o)
    0x08007302   0x00000028   Code   RO          903    .text               mf_w.l(ffixui.o)
    0x0800732a   0x0000003e   Code   RO          905    .text               mf_w.l(dfixi.o)
    0x08007368   0x00000026   Code   RO          907    .text               mf_w.l(f2d.o)
    0x0800738e   0x00000002   PAD
    0x08007390   0x00000030   Code   RO          909    .text               mf_w.l(cdcmple.o)
    0x080073c0   0x00000030   Code   RO          911    .text               mf_w.l(cdrcmple.o)
    0x080073f0   0x00000038   Code   RO          913    .text               mf_w.l(d2f.o)
    0x08007428   0x0000002c   Code   RO          957    .text               mc_w.l(uidiv.o)
    0x08007454   0x00000062   Code   RO          959    .text               mc_w.l(uldiv.o)
    0x080074b6   0x0000001e   Code   RO          961    .text               mc_w.l(llshl.o)
    0x080074d4   0x00000020   Code   RO          963    .text               mc_w.l(llushr.o)
    0x080074f4   0x00000024   Code   RO          965    .text               mc_w.l(llsshr.o)
    0x08007518   0x00000000   Code   RO          976    .text               mc_w.l(iusefp.o)
    0x08007518   0x0000006e   Code   RO          977    .text               mf_w.l(fepilogue.o)
    0x08007586   0x000000ba   Code   RO          979    .text               mf_w.l(depilogue.o)
    0x08007640   0x000000de   Code   RO          981    .text               mf_w.l(ddiv.o)
    0x0800771e   0x0000002e   Code   RO          983    .text               mf_w.l(dscalb.o)
    0x0800774c   0x00000030   Code   RO          985    .text               mf_w.l(dfixul.o)
    0x0800777c   0x00000024   Code   RO          987    .text               mc_w.l(init.o)
    0x080077a0   0x000000a2   Code   RO          989    .text               mf_w.l(dsqrt.o)
    0x08007842   0x00000002   PAD
    0x08007844   0x00000020   Code   RO          837    i.__0printf         mc_w.l(printfa.o)
    0x08007864   0x00000028   Code   RO          839    i.__0sprintf        mc_w.l(printfa.o)
    0x0800788c   0x00000028   Code   RO          929    i.__ARM_fpclassify  m_ws.l(fpclassify.o)
    0x080078b4   0x000000aa   Code   RO          931    i.__kernel_poly     m_ws.l(poly.o)
    0x0800795e   0x00000002   PAD
    0x08007960   0x00000010   Code   RO          915    i.__mathlib_dbl_divzero  m_ws.l(dunder.o)
    0x08007970   0x00000004   Code   RO          917    i.__mathlib_dbl_infnan2  m_ws.l(dunder.o)
    0x08007974   0x0000000c   Code   RO          918    i.__mathlib_dbl_invalid  m_ws.l(dunder.o)
    0x08007980   0x0000000e   Code   RO          919    i.__mathlib_dbl_overflow  m_ws.l(dunder.o)
    0x0800798e   0x00000002   PAD
    0x08007990   0x00000010   Code   RO          921    i.__mathlib_dbl_underflow  m_ws.l(dunder.o)
    0x080079a0   0x0000000e   Code   RO          993    i.__scatterload_copy  mc_w.l(handlers.o)
    0x080079ae   0x00000002   Code   RO          994    i.__scatterload_null  mc_w.l(handlers.o)
    0x080079b0   0x0000000e   Code   RO          995    i.__scatterload_zeroinit  mc_w.l(handlers.o)
    0x080079be   0x00000002   PAD
    0x080079c0   0x0000000c   Code   RO          971    i.__set_errno       mc_w.l(errno.o)
    0x080079cc   0x00000184   Code   RO          844    i._fp_digits        mc_w.l(printfa.o)
    0x08007b50   0x000006dc   Code   RO          845    i._printf_core      mc_w.l(printfa.o)
    0x0800822c   0x00000024   Code   RO          846    i._printf_post_padding  mc_w.l(printfa.o)
    0x08008250   0x0000002e   Code   RO          847    i._printf_pre_padding  mc_w.l(printfa.o)
    0x0800827e   0x0000000a   Code   RO          849    i._sputc            mc_w.l(printfa.o)
    0x08008288   0x000000dc   Code   RO          562    i.floor             m_ws.l(floor.o)
    0x08008364   0x00000050   Code   RO          865    i.free              mc_w.l(malloc.o)
    0x080083b4   0x0000006c   Code   RO          866    i.malloc            mc_w.l(malloc.o)
    0x08008420   0x000009d8   Code   RO          566    i.pow               m_ws.l(pow.o)
    0x08008df8   0x0000004c   Code   RO          935    i.sqrt              m_ws.l(sqrt.o)
    0x08008e44   0x00000033   Data   RO          380    .constdata          sht20.o
    0x08008e77   0x0000003b   Data   RO          395    .constdata          hal_i2c.o
    0x08008eb2   0x00000007   Data   RO          463    .constdata          cjson.o
    0x08008eb9   0x00000200   Data   RO          548    .constdata          utils.o
    0x080090b9   0x00000007   PAD
    0x080090c0   0x00000088   Data   RO          567    .constdata          m_ws.l(pow.o)
    0x08009148   0x00000008   Data   RO          933    .constdata          m_ws.l(qnan.o)
    0x08009150   0x00000062   Data   RO          396    .conststring        hal_i2c.o
    0x080091b2   0x00000002   PAD
    0x080091b4   0x00000020   Data   RO          991    Region$$Table       anon$$obj.o


    Execution Region RW_IRAM1 (Base: 0x20000000, Size: 0x00001160, Max: 0x00010000, ABSOLUTE)

    Base Addr    Size         Type   Attr      Idx    E Section Name        Object

    0x20000000   0x00000014   Data   RW           18    .data               system_stm32f10x.o
    0x20000014   0x00000014   Data   RW          286    .data               stm32f10x_rcc.o
    0x20000028   0x0000000c   Data   RW          344    .data               usart2.o
    0x20000034   0x00000004   Data   RW          362    .data               led.o
    0x20000038   0x00000001   Data   RW          409    .data               irenti.o
    0x20000039   0x00000001   Data   RW          427    .data               jidianqi1.o
    0x2000003a   0x00000001   Data   RW          445    .data               duoji.o
    0x2000003b   0x00000001   PAD
    0x2000003c   0x0000000c   Data   RW          464    .data               cjson.o
    0x20000048   0x00000004   Data   RW          530    .data               esp8266.o
    0x2000004c   0x00000004   Data   RW          956    .data               mc_w.l(stdout.o)
    0x20000050   0x00000004   Data   RW          967    .data               mc_w.l(mvars.o)
    0x20000054   0x00000004   Data   RW          968    .data               mc_w.l(mvars.o)
    0x20000058   0x00000004   Data   RW          972    .data               mc_w.l(errno.o)
    0x2000005c   0x00000500   Zero   RW          343    .bss                usart2.o
    0x2000055c   0x00000400   Zero   RW          529    .bss                esp8266.o
    0x2000095c   0x00000004   PAD
    0x20000960   0x00000400   Zero   RW          115    HEAP                startup_stm32f10x_md.o
    0x20000d60   0x00000400   Zero   RW          114    STACK               startup_stm32f10x_md.o


==============================================================================

Image component sizes


      Code (inc. data)   RO Data    RW Data    ZI Data      Debug   Object Name

      6796        210          7         12          0      23964   cjson.o
         0          0          0          0          0       4540   core_cm3.o
       248         32          0          1          0       1214   duoji.o
      6200         76          0          0          0      36481   edpkit.o
      2300       1062          0          4       1024       2934   esp8266.o
       800         46        157          0          0       3115   hal_i2c.o
       168         56          0          1          0        828   irenti.o
       196         30          0          1          0       1462   jidianqi1.o
       632         88          0          4          0       1974   led.o
       144         42          0          0          0       3711   main.o
       220         22          0          0          0       1857   misc.o
      1736        212         51          0          0       4000   sht20.o
        36          8        236          0       2048        812   startup_stm32f10x_md.o
       860         38          0          0          0       5789   stm32f10x_gpio.o
      1028         16          0          0          0       9283   stm32f10x_i2c.o
       188         26          0          0          0       3242   stm32f10x_it.o
       940         44          0         20          0       8964   stm32f10x_rcc.o
      3610         88          0          0          0      22900   stm32f10x_tim.o
      1032         22          0          0          0       8516   stm32f10x_usart.o
       488         46          0         20          0     256795   system_stm32f10x.o
       244         10          0          0          0       1505   usart1.o
       224         10          0         12       1280       1720   usart2.o
       192         20        512          0          0       2078   utils.o

    ----------------------------------------------------------------------
     28284       2204       1004         76       4356     407684   Object Totals
         0          0         32          0          0          0   (incl. Generated)
         2          0          9          1          4          0   (incl. Padding)

    ----------------------------------------------------------------------

      Code (inc. data)   RO Data    RW Data    ZI Data      Debug   Library Member Name

        62         10          0          0          0        340   dunder.o
       220         16          0          0          0         84   floor.o
        40          0          0          0          0         68   fpclassify.o
       170          0          0          0          0         96   poly.o
      2520        190        136          0          0        324   pow.o
         0          0          8          0          0          0   qnan.o
        76          0          0          0          0         84   sqrt.o
         0          0          0          0          0          0   entry.o
         0          0          0          0          0          0   entry10a.o
         0          0          0          0          0          0   entry11a.o
         8          4          0          0          0          0   entry2.o
         4          0          0          0          0          0   entry5.o
         0          0          0          0          0          0   entry7b.o
         0          0          0          0          0          0   entry8b.o
         8          4          0          0          0          0   entry9a.o
        12          6          0          4          0         68   errno.o
        30          0          0          0          0          0   handlers.o
        36          8          0          0          0         68   init.o
         0          0          0          0          0          0   iusefp.o
        30          0          0          0          0         68   llshl.o
        36          0          0          0          0         68   llsshr.o
        32          0          0          0          0         68   llushr.o
       188         20          0          0          0        160   malloc.o
        64          0          0          0          0         76   memmovea.o
        36          0          0          0          0        108   memseta.o
         0          0          0          8          0          0   mvars.o
      2308         96          0          0          0        604   printfa.o
         0          0          0          4          0          0   stdout.o
        24          0          0          0          0         68   strcat.o
        20          0          0          0          0         68   strchr.o
        18          0          0          0          0         68   strcpy.o
        14          0          0          0          0         68   strlen.o
        30          0          0          0          0         80   strncmp.o
        24          0          0          0          0         76   strncpy.o
        36          0          0          0          0         80   strstr.o
        12          0          0          0          0         68   tolower.o
        44          0          0          0          0         80   uidiv.o
        98          0          0          0          0         92   uldiv.o
        48          0          0          0          0         68   cdcmple.o
        48          0          0          0          0         68   cdrcmple.o
        56          0          0          0          0         88   d2f.o
       334          0          0          0          0        148   dadd.o
       222          0          0          0          0        100   ddiv.o
       186          0          0          0          0        176   depilogue.o
        62          0          0          0          0         80   dfixi.o
        48          0          0          0          0         68   dfixul.o
        34          0          0          0          0         76   dflti.o
       228          0          0          0          0         96   dmul.o
        46          0          0          0          0         80   dscalb.o
       162          0          0          0          0        100   dsqrt.o
        38          0          0          0          0         68   f2d.o
       110          0          0          0          0        168   fepilogue.o
        40          0          0          0          0         68   ffixui.o
        18          0          0          0          0         68   fflti.o
        10          0          0          0          0         68   ffltui.o

    ----------------------------------------------------------------------
      7900        354        144         16          0       4620   Library Totals
        10          0          0          0          0          0   (incl. Padding)

    ----------------------------------------------------------------------

      Code (inc. data)   RO Data    RW Data    ZI Data      Debug   Library Name

      3088        216        144          0          0        996   m_ws.l
      3112        138          0         16          0       2036   mc_w.l
      1690          0          0          0          0       1588   mf_w.l

    ----------------------------------------------------------------------
      7900        354        144         16          0       4620   Library Totals

    ----------------------------------------------------------------------

==============================================================================


      Code (inc. data)   RO Data    RW Data    ZI Data      Debug   

     36184       2558       1148         92       4356     407932   Grand Totals
     36184       2558       1148         92       4356     407932   ELF Image Totals
     36184       2558       1148         92          0          0   ROM Totals

==============================================================================

    Total RO  Size (Code + RO Data)                37332 (  36.46kB)
    Total RW  Size (RW Data + ZI Data)              4448 (   4.34kB)
    Total ROM Size (Code + RO Data + RW Data)      37424 (  36.55kB)

==============================================================================

