<html>
<body>
<pre>
<h1>µVision Build Log</h1>
<h2>Tool Versions:</h2>
IDE-Version: ¦ÌVision V5.22.0.0
Copyright (C) 2016 ARM Ltd and ARM Germany GmbH. All rights reserved.
License Information: klren Dell, zzes, LIC=4ZLKP-MEI5V-KSBYM-X2RW3-Q16V5-ZNPTY
 
Tool Versions:
Toolchain:       MDK-ARM Professional  Version: 5.22
Toolchain Path:  E:\Keil_v5\ARM\ARMCC\Bin
C Compiler:      Armcc.exe V5.06 update 4 (build 422)
Assembler:       Armasm.exe V5.06 update 4 (build 422)
Linker/Locator:  ArmLink.exe V5.06 update 4 (build 422)
Library Manager: ArmAr.exe V5.06 update 4 (build 422)
Hex Converter:   FromElf.exe V5.06 update 4 (build 422)
CPU DLL:         SARMCM3.DLL V5.22
Dialog DLL:      DARMSTM.DLL V1.67.0.0
Target DLL:      STLink\ST-LINKIII-KEIL_SWO.dll V2.0.18.0
Dialog DLL:      TCM.DLL V1.21.0.0
 
<h2>Project:</h2>
D:\ÖÐÒÆOneNET\³èÎïÎÝ\cww\Project\onenetdemo.uvproj
Project File Date:  12/18/2016

<h2>Output:</h2>
*** Using Compiler 'V5.06 update 4 (build 422)', folder: 'E:\Keil_v5\ARM\ARMCC\Bin'
Rebuild target 'OneNET_Demo_ESP8266_EDP_Led'
assembling startup_stm32f10x_md.s...
compiling core_cm3.c...
compiling stm32f10x_it.c...
compiling system_stm32f10x.c...
compiling main.c...
..\Driver\irenti.h(12): warning:  #1-D: last line of file ends without a newline
  #endif
..\Driver\duoji.h(10): warning:  #1-D: last line of file ends without a newline
  #endif
..\User\main.c: 2 warnings, 0 errors
compiling stm32f10x_exti.c...
compiling misc.c...
compiling stm32f10x_flash.c...
compiling stm32f10x_gpio.c...
compiling stm32f10x_i2c.c...
compiling stm32f10x_rcc.c...
compiling stm32f10x_usart.c...
compiling stm32f10x_tim.c...
compiling usart1.c...
..\Driver\irenti.h(12): warning:  #1-D: last line of file ends without a newline
  #endif
..\Driver\duoji.h(10): warning:  #1-D: last line of file ends without a newline
  #endif
..\Driver\usart1.c: 2 warnings, 0 errors
compiling usart2.c...
..\Driver\irenti.h(12): warning:  #1-D: last line of file ends without a newline
  #endif
..\Driver\duoji.h(10): warning:  #1-D: last line of file ends without a newline
  #endif
..\Driver\usart2.c: 2 warnings, 0 errors
compiling sht20.c...
compiling led.c...
..\Driver\irenti.h(12): warning:  #1-D: last line of file ends without a newline
  #endif
..\Driver\led.c: 2 warnings, 0 errors
 #1-D: last line of file ends without a newline
  #endif
compiling hal_i2c.c...
compiling jidianqi1.c...
..\Driver\irenti.h(12): warning:  #1-D: last line of file ends without a newline
  #endif
..\Driver\duoji.h(10): warning:  #1-D: last line of file ends without a newline
  #endif
..\Driver\jidianqi1.c: 2 warnings, 0 errors
compiling irenti.c...
..\Driver\irenti.h(12): warning:  #1-D: last line of file ends without a newline
  #endif
..\Driver\duoji.h(10): warning:  #1-D: last line of file ends without a newline
  #endif
..\Driver\irenti.h(12): warning:  #1-D: last line of file ends without a newline
  #endif
..\Driver\irenti.c(27): warning:  #1-D: last line of file ends without a newline
  }
..\Driver\irenti.c: 4 warnings, 0 errors
compiling duoji.c...
..\Driver\irenti.h(12): warning:  #1-D: last line of file ends without a newline
  #endif
..\Driver\duoji.h(10): warning:  #1-D: last line of file ends without a newline
  #endif
..\Driver\duoji.h(10): warning:  #1-D: last line of file ends without a newline
  #endif
..\Driver\duoji.c: 3 warnings, 0 errors
compiling EdpKit.c...
compiling cJSON.c...
compiling utils.c...
compiling esp8266.c...
..\Driver\irenti.h(12): warning:  #1-D: last line of file ends without a newline
  #endif
..\Driver\duoji.h(10): warning:  #1-D: last line of file ends without a newline
  #endif
..\Network\esp8266.c: 2 warnings, 0 errors
linking...
Program Size: Code=36184 RO-data=1148 RW-data=92 ZI-data=4356  
"..\object\onenetdemo.axf" - 0 Error(s), 18 Warning(s).
Build Time Elapsed:  00:00:11
</pre>
</body>
</html>
