<html>
<body>
<pre>
<h1>µVision Build Log</h1>
<h2>Project:</h2>
E:\mini_board\OneNET_Mini_Demo_ESP8266_EDP_Led\Project\onenetdemo.uvproj
Project File Date:  09/20/2016

<h2>Output:</h2>
Build target 'OneNET_Demo_ESP8266_EDP_Led'
compiling main.c...
compiling usart1.c...
compiling usart2.c...
compiling led.c...
compiling esp8266.c...
linking...
Program Size: Code=27554 RO-data=422 RW-data=88 ZI-data=3840  
"..\object\onenetdemo.axf" - 0 Error(s), 0 Warning(s).
Load "..\\object\\onenetdemo.AXF" 
Build target 'OneNET_Demo_ESP8266_EDP_Led'
linking...
Program Size: Code=27554 RO-data=422 RW-data=88 ZI-data=3840  
"..\object\onenetdemo.axf" - 0 Error(s), 0 Warning(s).
Load "..\\object\\onenetdemo.AXF" 
Full Chip Erase Done.
Programming Done.
Verify OK.
Application running ...
Build target 'OneNET_Demo_ESP8266_EDP_Led'
assembling startup_stm32f10x_md.s...
linking...
Program Size: Code=27554 RO-data=422 RW-data=88 ZI-data=4352  
"..\object\onenetdemo.axf" - 0 Error(s), 0 Warning(s).
Build target 'OneNET_Demo_ESP8266_EDP_Led'
linking...
Program Size: Code=27554 RO-data=422 RW-data=88 ZI-data=4352  
"..\object\onenetdemo.axf" - 0 Error(s), 0 Warning(s).
Build target 'OneNET_Demo_ESP8266_EDP_Led'
linking...
Program Size: Code=27554 RO-data=422 RW-data=88 ZI-data=4352  
"..\object\onenetdemo.axf" - 0 Error(s), 0 Warning(s).
Load "..\\object\\onenetdemo.AXF" 
Full Chip Erase Done.
Programming Done.
Verify OK.
Application running ...
Clean started: Project: 'onenetdemo'
   deleting intermediate output files for target 'OneNET_Demo_ESP8266_EDP_Led'
